Component: ARM Compiler 5.06 update 6 (build 750) Tool: armlink [4d35ed]

==============================================================================

Section Cross References

    startup_stm32f103xe.o(STACK) refers (Special) to heapauxi.o(.text) for __use_two_region_memory
    startup_stm32f103xe.o(HEAP) refers (Special) to heapauxi.o(.text) for __use_two_region_memory
    startup_stm32f103xe.o(RESET) refers (Special) to heapauxi.o(.text) for __use_two_region_memory
    startup_stm32f103xe.o(RESET) refers to startup_stm32f103xe.o(STACK) for __initial_sp
    startup_stm32f103xe.o(RESET) refers to startup_stm32f103xe.o(.text) for Reset_Handler
    startup_stm32f103xe.o(RESET) refers to stm32f1xx_it.o(i.NMI_Handler) for NMI_Handler
    startup_stm32f103xe.o(RESET) refers to stm32f1xx_it.o(i.HardFault_Handler) for HardFault_Handler
    startup_stm32f103xe.o(RESET) refers to stm32f1xx_it.o(i.MemManage_Handler) for MemManage_Handler
    startup_stm32f103xe.o(RESET) refers to stm32f1xx_it.o(i.BusFault_Handler) for BusFault_Handler
    startup_stm32f103xe.o(RESET) refers to stm32f1xx_it.o(i.UsageFault_Handler) for UsageFault_Handler
    startup_stm32f103xe.o(RESET) refers to stm32f1xx_it.o(i.SVC_Handler) for SVC_Handler
    startup_stm32f103xe.o(RESET) refers to stm32f1xx_it.o(i.DebugMon_Handler) for DebugMon_Handler
    startup_stm32f103xe.o(RESET) refers to stm32f1xx_it.o(i.PendSV_Handler) for PendSV_Handler
    startup_stm32f103xe.o(RESET) refers to stm32f1xx_it.o(i.SysTick_Handler) for SysTick_Handler
    startup_stm32f103xe.o(RESET) refers to stm32f1xx_it.o(i.TIM2_IRQHandler) for TIM2_IRQHandler
    startup_stm32f103xe.o(RESET) refers to stm32f1xx_it.o(i.USART1_IRQHandler) for USART1_IRQHandler
    startup_stm32f103xe.o(.text) refers (Special) to heapauxi.o(.text) for __use_two_region_memory
    startup_stm32f103xe.o(.text) refers to system_stm32f1xx.o(i.SystemInit) for SystemInit
    startup_stm32f103xe.o(.text) refers to __main.o(!!!main) for __main
    startup_stm32f103xe.o(.text) refers to startup_stm32f103xe.o(HEAP) for Heap_Mem
    startup_stm32f103xe.o(.text) refers to startup_stm32f103xe.o(STACK) for Stack_Mem
    main.o(i.HAL_TIM_PeriodElapsedCallback) refers to stm32f1xx_hal_tim.o(i.HAL_TIM_Base_Stop_IT) for HAL_TIM_Base_Stop_IT
    main.o(i.HAL_TIM_PeriodElapsedCallback) refers to main.o(.bss) for .bss
    main.o(i.HAL_TIM_PeriodElapsedCallback) refers to main.o(.data) for .data
    main.o(i.HAL_TIM_PeriodElapsedCallback) refers to uart.o(.data) for flag
    main.o(i.HAL_UART_RxCpltCallback) refers to stm32f1xx_hal_uart.o(i.HAL_UART_Receive_IT) for HAL_UART_Receive_IT
    main.o(i.HAL_UART_RxCpltCallback) refers to uart.o(i.receive_data) for receive_data
    main.o(i.HAL_UART_RxCpltCallback) refers to main.o(.bss) for .bss
    main.o(i.HAL_UART_RxCpltCallback) refers to main.o(.data) for .data
    main.o(i.MX_GPIO_Init) refers to stm32f1xx_hal_gpio.o(i.HAL_GPIO_WritePin) for HAL_GPIO_WritePin
    main.o(i.MX_GPIO_Init) refers to stm32f1xx_hal_gpio.o(i.HAL_GPIO_Init) for HAL_GPIO_Init
    main.o(i.MX_TIM2_Init) refers to stm32f1xx_hal_tim.o(i.HAL_TIM_Base_Init) for HAL_TIM_Base_Init
    main.o(i.MX_TIM2_Init) refers to stm32f1xx_hal_tim.o(i.HAL_TIM_ConfigClockSource) for HAL_TIM_ConfigClockSource
    main.o(i.MX_TIM2_Init) refers to stm32f1xx_hal_tim_ex.o(i.HAL_TIMEx_MasterConfigSynchronization) for HAL_TIMEx_MasterConfigSynchronization
    main.o(i.MX_TIM2_Init) refers to main.o(.bss) for .bss
    main.o(i.SystemClock_Config) refers to rt_memclr_w.o(.text) for __aeabi_memclr4
    main.o(i.SystemClock_Config) refers to stm32f1xx_hal_rcc.o(i.HAL_RCC_OscConfig) for HAL_RCC_OscConfig
    main.o(i.SystemClock_Config) refers to stm32f1xx_hal_rcc.o(i.HAL_RCC_ClockConfig) for HAL_RCC_ClockConfig
    main.o(i.main) refers to stm32f1xx_hal.o(i.HAL_Init) for HAL_Init
    main.o(i.main) refers to main.o(i.SystemClock_Config) for SystemClock_Config
    main.o(i.main) refers to main.o(i.MX_GPIO_Init) for MX_GPIO_Init
    main.o(i.main) refers to stm32f1xx_hal_uart.o(i.HAL_UART_Init) for HAL_UART_Init
    main.o(i.main) refers to main.o(i.MX_TIM2_Init) for MX_TIM2_Init
    main.o(i.main) refers to stm32f1xx_hal_i2c.o(i.HAL_I2C_Init) for HAL_I2C_Init
    main.o(i.main) refers to response_ci.o(i.response_init) for response_init
    main.o(i.main) refers to i2c.o(i.config_i2c) for config_i2c
    main.o(i.main) refers to stm32f1xx_hal_tim.o(i.HAL_TIM_Base_Start_IT) for HAL_TIM_Base_Start_IT
    main.o(i.main) refers to stm32f1xx_hal_tim.o(i.HAL_TIM_Base_Stop_IT) for HAL_TIM_Base_Stop_IT
    main.o(i.main) refers to bh1750.o(i.BH1750_init_dev_struct) for BH1750_init_dev_struct
    main.o(i.main) refers to bh1750.o(i.BH1750_init_dev) for BH1750_init_dev
    main.o(i.main) refers to stm32f1xx_hal_gpio.o(i.HAL_GPIO_WritePin) for HAL_GPIO_WritePin
    main.o(i.main) refers to i2c.o(i.driver_init) for driver_init
    main.o(i.main) refers to cli_command.o(i.initialize_device) for initialize_device
[...]
    DMA1_Channel2_IRQHandler                 0x0800029b   Thumb Code     0  startup_stm32f103xe.o(.text)
    DMA1_Channel3_IRQHandler                 0x0800029b   Thumb Code     0  startup_stm32f103xe.o(.text)
    DMA1_Channel4_IRQHandler                 0x0800029b   Thumb Code     0  startup_stm32f103xe.o(.text)
    DMA1_Channel5_IRQHandler                 0x0800029b   Thumb Code     0  startup_stm32f103xe.o(.text)
    DMA1_Channel6_IRQHandler                 0x0800029b   Thumb Code     0  startup_stm32f103xe.o(.text)
    DMA1_Channel7_IRQHandler                 0x0800029b   Thumb Code     0  startup_stm32f103xe.o(.text)
    DMA2_Channel1_IRQHandler                 0x0800029b   Thumb Code     0  startup_stm32f103xe.o(.text)
    DMA2_Channel2_IRQHandler                 0x0800029b   Thumb Code     0  startup_stm32f103xe.o(.text)
    DMA2_Channel3_IRQHandler                 0x0800029b   Thumb Code     0  startup_stm32f103xe.o(.text)
    DMA2_Channel4_5_IRQHandler               0x0800029b   Thumb Code     0  startup_stm32f103xe.o(.text)
    EXTI0_IRQHandler                         0x0800029b   Thumb Code     0  startup_stm32f103xe.o(.text)
    EXTI15_10_IRQHandler                     0x0800029b   Thumb Code     0  startup_stm32f103xe.o(.text)
    EXTI1_IRQHandler                         0x0800029b   Thumb Code     0  startup_stm32f103xe.o(.text)
    EXTI2_IRQHandler                         0x0800029b   Thumb Code     0  startup_stm32f103xe.o(.text)
    EXTI3_IRQHandler                         0x0800029b   Thumb Code     0  startup_stm32f103xe.o(.text)
    EXTI4_IRQHandler                         0x0800029b   Thumb Code     0  startup_stm32f103xe.o(.text)
    EXTI9_5_IRQHandler                       0x0800029b   Thumb Code     0  startup_stm32f103xe.o(.text)
    FLASH_IRQHandler                         0x0800029b   Thumb Code     0  startup_stm32f103xe.o(.text)
    FSMC_IRQHandler                          0x0800029b   Thumb Code     0  startup_stm32f103xe.o(.text)
    I2C1_ER_IRQHandler                       0x0800029b   Thumb Code     0  startup_stm32f103xe.o(.text)
    I2C1_EV_IRQHandler                       0x0800029b   Thumb Code     0  startup_stm32f103xe.o(.text)
    I2C2_ER_IRQHandler                       0x0800029b   Thumb Code     0  startup_stm32f103xe.o(.text)
    I2C2_EV_IRQHandler                       0x0800029b   Thumb Code     0  startup_stm32f103xe.o(.text)
    PVD_IRQHandler                           0x0800029b   Thumb Code     0  startup_stm32f103xe.o(.text)
    RCC_IRQHandler                           0x0800029b   Thumb Code     0  startup_stm32f103xe.o(.text)
    RTC_Alarm_IRQHandler                     0x0800029b   Thumb Code     0  startup_stm32f103xe.o(.text)
    RTC_IRQHandler                           0x0800029b   Thumb Code     0  startup_stm32f103xe.o(.text)
    SDIO_IRQHandler                          0x0800029b   Thumb Code     0  startup_stm32f103xe.o(.text)
    SPI1_IRQHandler                          0x0800029b   Thumb Code     0  startup_stm32f103xe.o(.text)
    SPI2_IRQHandler                          0x0800029b   Thumb Code     0  startup_stm32f103xe.o(.text)
    SPI3_IRQHandler                          0x0800029b   Thumb Code     0  startup_stm32f103xe.o(.text)
    TAMPER_IRQHandler                        0x0800029b   Thumb Code     0  startup_stm32f103xe.o(.text)
    TIM1_BRK_IRQHandler                      0x0800029b   Thumb Code     0  startup_stm32f103xe.o(.text)
    TIM1_CC_IRQHandler                       0x0800029b   Thumb Code     0  startup_stm32f103xe.o(.text)
    TIM1_TRG_COM_IRQHandler                  0x0800029b   Thumb Code     0  startup_stm32f103xe.o(.text)
    TIM1_UP_IRQHandler                       0x0800029b   Thumb Code     0  startup_stm32f103xe.o(.text)
    TIM3_IRQHandler                          0x0800029b   Thumb Code     0  startup_stm32f103xe.o(.text)
    TIM4_IRQHandler                          0x0800029b   Thumb Code     0  startup_stm32f103xe.o(.text)
    TIM5_IRQHandler                          0x0800029b   Thumb Code     0  startup_stm32f103xe.o(.text)
    TIM6_IRQHandler                          0x0800029b   Thumb Code     0  startup_stm32f103xe.o(.text)
    TIM7_IRQHandler                          0x0800029b   Thumb Code     0  startup_stm32f103xe.o(.text)
    TIM8_BRK_IRQHandler                      0x0800029b   Thumb Code     0  startup_stm32f103xe.o(.text)
    TIM8_CC_IRQHandler                       0x0800029b   Thumb Code     0  startup_stm32f103xe.o(.text)
    TIM8_TRG_COM_IRQHandler                  0x0800029b   Thumb Code     0  startup_stm32f103xe.o(.text)
    TIM8_UP_IRQHandler                       0x0800029b   Thumb Code     0  startup_stm32f103xe.o(.text)
    UART4_IRQHandler                         0x0800029b   Thumb Code     0  startup_stm32f103xe.o(.text)
    UART5_IRQHandler                         0x0800029b   Thumb Code     0  startup_stm32f103xe.o(.text)
    USART2_IRQHandler                        0x0800029b   Thumb Code     0  startup_stm32f103xe.o(.text)
    USART3_IRQHandler                        0x0800029b   Thumb Code     0  startup_stm32f103xe.o(.text)
    USBWakeUp_IRQHandler                     0x0800029b   Thumb Code     0  startup_stm32f103xe.o(.text)
    USB_HP_CAN1_TX_IRQHandler                0x0800029b   Thumb Code     0  startup_stm32f103xe.o(.text)
    USB_LP_CAN1_RX0_IRQHandler               0x0800029b   Thumb Code     0  startup_stm32f103xe.o(.text)
    WWDG_IRQHandler                          0x0800029b   Thumb Code     0  startup_stm32f103xe.o(.text)
    __user_initial_stackheap                 0x0800029d   Thumb Code     0  startup_stm32f103xe.o(.text)
    calloc                                   0x080002c1   Thumb Code    40  calloc.o(.text)
    malloc                                   0x080002e9   Thumb Code    94  h1_alloc.o(.text)
    __aeabi_llsr                             0x08000347   Thumb Code     0  llushr.o(.text)
    _ll_ushift_r                             0x08000347   Thumb Code    38  llushr.o(.text)
    vsprintf                                 0x0800036d   Thumb Code    32  vsprintf.o(.text)
    memcmp                                   0x08000391   Thumb Code    88  memcmp.o(.text)
    strcpy                                   0x080003e9   Thumb Code    72  strcpy.o(.text)
    strlen                                   0x08000431   Thumb Code    62  strlen.o(.text)
    __aeabi_memcpy                           0x0800046f   Thumb Code     0  rt_memcpy_v6.o(.text)
    __rt_memcpy                              0x0800046f   Thumb Code   138  rt_memcpy_v6.o(.text)
    _memcpy_lastbytes                        0x080004d5   Thumb Code     0  rt_memcpy_v6.o(.text)
    __aeabi_memset                           0x080004f9   Thumb Code    16  aeabi_memset.o(.text)
    __aeabi_memclr4                          0x08000509   Thumb Code     0  rt_memclr_w.o(.text)
    __aeabi_memclr8                          0x08000509   Thumb Code     0  rt_memclr_w.o(.text)
    __rt_memclr_w                            0x08000509   Thumb Code    78  rt_memclr_w.o(.text)
    _memset_w                                0x0800050d   Thumb Code     0  rt_memclr_w.o(.text)
    __use_two_region_memory                  0x08000557   Thumb Code     2  heapauxi.o(.text)
    __rt_heap_escrow                         0x08000559   Thumb Code     2  heapauxi.o(.text)
    __rt_heap_expand                         0x0800055b   Thumb Code     2  heapauxi.o(.text)
    __rt_heap_descriptor                     0x0800055d   Thumb Code     8  rt_heap_descriptor_intlibspace.o(.text)
    __use_no_heap                            0x08000565   Thumb Code     2  hguard.o(.text)
    __heap$guard                             0x08000567   Thumb Code     2  hguard.o(.text)
    _terminate_user_alloc                    0x08000569   Thumb Code     2  init_alloc.o(.text)
    _init_user_alloc                         0x0800056b   Thumb Code     2  init_alloc.o(.text)
    __Heap_Full                              0x0800056d   Thumb Code    34  init_alloc.o(.text)
    __Heap_Broken                            0x0800058f   Thumb Code     6  init_alloc.o(.text)
    _init_alloc                              0x08000595   Thumb Code    94  init_alloc.o(.text)
    __Heap_Initialize                        0x080005f3   Thumb Code    10  h1_init.o(.text)
    __Heap_DescSize                          0x080005fd   Thumb Code     4  h1_init.o(.text)
    free                                     0x08000601   Thumb Code    78  h1_free.o(.text)
    __read_errno                             0x0800064f   Thumb Code    10  _rserrno.o(.text)
    __set_errno                              0x08000659   Thumb Code    12  _rserrno.o(.text)
    _printf_pre_padding                      0x08000665   Thumb Code    44  _printf_pad.o(.text)
    _printf_post_padding                     0x08000691   Thumb Code    34  _printf_pad.o(.text)
    _printf_truncate_signed                  0x080006b3   Thumb Code    18  _printf_truncate.o(.text)
    _printf_truncate_unsigned                0x080006c5   Thumb Code    18  _printf_truncate.o(.text)
    _printf_str                              0x080006d7   Thumb Code    82  _printf_str.o(.text)
    _printf_int_dec                          0x08000729   Thumb Code   104  _printf_dec.o(.text)
    _printf_charcount                        0x080007a1   Thumb Code    40  _printf_charcount.o(.text)
    _printf_char_common                      0x080007d3   Thumb Code    32  _printf_char_common.o(.text)
    _sputc                                   0x080007f9   Thumb Code    10  _sputc.o(.text)
    _printf_wctomb                           0x08000805   Thumb Code   182  _printf_wctomb.o(.text)
    _printf_longlong_dec                     0x080008c1   Thumb Code   108  _printf_longlong_dec.o(.text)
    _printf_longlong_oct                     0x0800093d   Thumb Code    66  _printf_oct_int_ll.o(.text)
    _printf_int_oct                          0x0800097f   Thumb Code    24  _printf_oct_int_ll.o(.text)
    _printf_ll_oct                           0x08000997   Thumb Code    12  _printf_oct_int_ll.o(.text)
    _printf_longlong_hex                     0x080009ad   Thumb Code    86  _printf_hex_int_ll_ptr.o(.text)
    _printf_int_hex                          0x08000a03   Thumb Code    28  _printf_hex_int_ll_ptr.o(.text)
    _printf_ll_hex                           0x08000a1f   Thumb Code    12  _printf_hex_int_ll_ptr.o(.text)
    _printf_hex_ptr                          0x08000a2b   Thumb Code    18  _printf_hex_int_ll_ptr.o(.text)
    __printf                                 0x08000a41   Thumb Code   388  __printf_flags_ss_wp.o(.text)
    __aeabi_memcpy4                          0x08000bc9   Thumb Code     0  rt_memcpy_w.o(.text)
    __aeabi_memcpy8                          0x08000bc9   Thumb Code     0  rt_memcpy_w.o(.text)
    __rt_memcpy_w                            0x08000bc9   Thumb Code   100  rt_memcpy_w.o(.text)
    _memcpy_lastbytes_aligned                0x08000c11   Thumb Code     0  rt_memcpy_w.o(.text)
    __aeabi_memclr                           0x08000c2d   Thumb Code     0  rt_memclr.o(.text)
    __rt_memclr                              0x08000c2d   Thumb Code    68  rt_memclr.o(.text)
    _memset                                  0x08000c31   Thumb Code     0  rt_memclr.o(.text)
    __user_libspace                          0x08000c71   Thumb Code     8  libspace.o(.text)
    __user_perproc_libspace                  0x08000c71   Thumb Code     0  libspace.o(.text)
    __user_perthread_libspace                0x08000c71   Thumb Code     0  libspace.o(.text)
    __aeabi_errno_addr                       0x08000c79   Thumb Code     8  rt_errno_addr_intlibspace.o(.text)
    __errno$intlibspace                      0x08000c79   Thumb Code     0  rt_errno_addr_intlibspace.o(.text)
    __rt_errno_addr$intlibspace              0x08000c79   Thumb Code     0  rt_errno_addr_intlibspace.o(.text)
    __Heap_ProvideMemory                     0x08000c81   Thumb Code    52  h1_extend.o(.text)
    _ll_udiv10                               0x08000cb5   Thumb Code   138  lludiv10.o(.text)
    _printf_int_common                       0x08000d3f   Thumb Code   178  _printf_intcommon.o(.text)
    __lib_sel_fp_printf                      0x08000df1   Thumb Code     2  _printf_fp_dec.o(.text)
    _printf_fp_dec_real                      0x08000fa3   Thumb Code   620  _printf_fp_dec.o(.text)
    _printf_fp_hex_real                      0x08001211   Thumb Code   756  _printf_fp_hex.o(.text)
    _printf_cs_common                        0x0800150d   Thumb Code    20  _printf_char.o(.text)
    _printf_char                             0x08001521   Thumb Code    16  _printf_char.o(.text)
    _printf_string                           0x08001531   Thumb Code     8  _printf_char.o(.text)
    _printf_lcs_common                       0x08001539   Thumb Code    20  _printf_wchar.o(.text)
    _printf_wchar                            0x0800154d   Thumb Code    16  _printf_wchar.o(.text)
    _printf_wstring                          0x0800155d   Thumb Code     8  _printf_wchar.o(.text)
    _wcrtomb                                 0x08001565   Thumb Code    64  _wcrtomb.o(.text)
    __rt_SIGRTMEM                            0x080015a5   Thumb Code    14  defsig_rtmem_outer.o(.text)
    __I$use$semihosting                      0x080015b3   Thumb Code     0  use_no_semi.o(.text)
    __use_no_semihosting_swi                 0x080015b3   Thumb Code     2  use_no_semi.o(.text)
    __semihosting_library_function           0x080015b5   Thumb Code     0  indicate_semi.o(.text)
    __user_setup_stackheap                   0x080015b5   Thumb Code    74  sys_stackheap_outer.o(.text)
    __rt_ctype_table                         0x08001601   Thumb Code    16  rt_ctype_table.o(.text)
    __rt_locale                              0x08001611   Thumb Code     8  rt_locale_intlibspace.o(.text)
    _printf_fp_infnan                        0x08001619   Thumb Code   112  _printf_fp_infnan.o(.text)
    _btod_etento                             0x08001699   Thumb Code   224  bigflt0.o(.text)
    exit                                     0x0800177d   Thumb Code    18  exit.o(.text)
    __sig_exit                               0x0800178f   Thumb Code    10  defsig_exit.o(.text)
    __rt_SIGRTMEM_inner                      0x08001799   Thumb Code    22  defsig_rtmem_inner.o(.text)
    _sys_exit                                0x080017e9   Thumb Code     8  sys_exit.o(.text)
    __default_signal_display                 0x080017f5   Thumb Code    50  defsig_general.o(.text)
    strcmp                                   0x08001829   Thumb Code   128  strcmpv7m.o(.text)
    _ttywrch                                 0x080018a9   Thumb Code    14  sys_wrch.o(.text)
    _btod_d2e                                0x080018b7   Thumb Code    62  btod.o(CL$$btod_d2e)
    _d2e_denorm_low                          0x080018f5   Thumb Code    70  btod.o(CL$$btod_d2e_denorm_low)
    _d2e_norm_op1                            0x0800193b   Thumb Code    96  btod.o(CL$$btod_d2e_norm_op1)
    __btod_div_common                        0x0800199b   Thumb Code   696  btod.o(CL$$btod_div_common)
    _e2e                                     0x08001cd3   Thumb Code   220  btod.o(CL$$btod_e2e)
    _btod_ediv                               0x08001daf   Thumb Code    42  btod.o(CL$$btod_ediv)
    _btod_emul                               0x08001dd9   Thumb Code    42  btod.o(CL$$btod_emul)
    __btod_mult_common                       0x08001e03   Thumb Code   580  btod.o(CL$$btod_mult_common)
    BH1750_convert                           0x08002049   Thumb Code    36  bh1750.o(i.BH1750_convert)
    BH1750_get_lumen                         0x08002071   Thumb Code    18  bh1750.o(i.BH1750_get_lumen)
    BH1750_init_dev                          0x08002083   Thumb Code    30  bh1750.o(i.BH1750_init_dev)
    BH1750_init_dev_struct                   0x080020a1   Thumb Code    74  bh1750.o(i.BH1750_init_dev_struct)
    BH1750_poll_self                         0x080020f1   Thumb Code     4  bh1750.o(i.BH1750_poll_self)
    BH1750_read_dev                          0x080020f5   Thumb Code    30  bh1750.o(i.BH1750_read_dev)
    BH1750_send_command                      0x08002113   Thumb Code    28  bh1750.o(i.BH1750_send_command)
    BusFault_Handler                         0x0800212f   Thumb Code     2  stm32f1xx_it.o(i.BusFault_Handler)
    DebugMon_Handler                         0x08002131   Thumb Code     2  stm32f1xx_it.o(i.DebugMon_Handler)
    FLASH_PageErase                          0x08002159   Thumb Code    28  stm32f1xx_hal_flash_ex.o(i.FLASH_PageErase)
    FLASH_WaitForLastOperation               0x080021f5   Thumb Code    80  stm32f1xx_hal_flash.o(i.FLASH_WaitForLastOperation)
    HAL_DMA_Abort                            0x08002249   Thumb Code    70  stm32f1xx_hal_dma.o(i.HAL_DMA_Abort)
    HAL_DMA_Abort_IT                         0x08002291   Thumb Code   296  stm32f1xx_hal_dma.o(i.HAL_DMA_Abort_IT)
    HAL_FLASHEx_Erase                        0x080023c1   Thumb Code   160  stm32f1xx_hal_flash_ex.o(i.HAL_FLASHEx_Erase)
    HAL_FLASH_Lock                           0x08002469   Thumb Code    14  stm32f1xx_hal_flash.o(i.HAL_FLASH_Lock)
    HAL_FLASH_Program                        0x0800247d   Thumb Code   120  stm32f1xx_hal_flash.o(i.HAL_FLASH_Program)
    HAL_FLASH_Unlock                         0x080024fd   Thumb Code    28  stm32f1xx_hal_flash.o(i.HAL_FLASH_Unlock)
    HAL_GPIO_Init                            0x08002525   Thumb Code   462  stm32f1xx_hal_gpio.o(i.HAL_GPIO_Init)
    HAL_GPIO_WritePin                        0x0800271d   Thumb Code    10  stm32f1xx_hal_gpio.o(i.HAL_GPIO_WritePin)
    HAL_GetTick                              0x08002729   Thumb Code     6  stm32f1xx_hal.o(i.HAL_GetTick)
    HAL_I2C_Init                             0x08002735   Thumb Code   376  stm32f1xx_hal_i2c.o(i.HAL_I2C_Init)
    HAL_I2C_Master_Receive                   0x080028bd   Thumb Code   576  stm32f1xx_hal_i2c.o(i.HAL_I2C_Master_Receive)
    HAL_I2C_Master_Transmit                  0x08002b0d   Thumb Code   290  stm32f1xx_hal_i2c.o(i.HAL_I2C_Master_Transmit)
    HAL_I2C_MspInit                          0x08002c39   Thumb Code    80  stm32f1xx_hal_msp.o(i.HAL_I2C_MspInit)
    HAL_IncTick                              0x08002c95   Thumb Code    12  stm32f1xx_hal.o(i.HAL_IncTick)
    HAL_Init                                 0x08002ca5   Thumb Code    32  stm32f1xx_hal.o(i.HAL_Init)
    HAL_InitTick                             0x08002cc9   Thumb Code    54  stm32f1xx_hal.o(i.HAL_InitTick)
    HAL_MspInit                              0x08002d09   Thumb Code    52  stm32f1xx_hal_msp.o(i.HAL_MspInit)
    HAL_NVIC_EnableIRQ                       0x08002d45   Thumb Code    26  stm32f1xx_hal_cortex.o(i.HAL_NVIC_EnableIRQ)
    HAL_NVIC_SetPriority                     0x08002d61   Thumb Code    60  stm32f1xx_hal_cortex.o(i.HAL_NVIC_SetPriority)
    HAL_NVIC_SetPriorityGrouping             0x08002da1   Thumb Code    26  stm32f1xx_hal_cortex.o(i.HAL_NVIC_SetPriorityGrouping)
    HAL_RCC_ClockConfig                      0x08002dc5   Thumb Code   280  stm32f1xx_hal_rcc.o(i.HAL_RCC_ClockConfig)
    HAL_RCC_GetPCLK1Freq                     0x08002ef1   Thumb Code    20  stm32f1xx_hal_rcc.o(i.HAL_RCC_GetPCLK1Freq)
    HAL_RCC_GetPCLK2Freq                     0x08002f11   Thumb Code    20  stm32f1xx_hal_rcc.o(i.HAL_RCC_GetPCLK2Freq)
    HAL_RCC_GetSysClockFreq                  0x08002f31   Thumb Code    58  stm32f1xx_hal_rcc.o(i.HAL_RCC_GetSysClockFreq)
    HAL_RCC_OscConfig                        0x08002f7d   Thumb Code   778  stm32f1xx_hal_rcc.o(i.HAL_RCC_OscConfig)
    HAL_SYSTICK_Config                       0x0800329d   Thumb Code    40  stm32f1xx_hal_cortex.o(i.HAL_SYSTICK_Config)
    HAL_TIMEx_BreakCallback                  0x080032c5   Thumb Code     2  stm32f1xx_hal_tim_ex.o(i.HAL_TIMEx_BreakCallback)
    HAL_TIMEx_CommutCallback                 0x080032c7   Thumb Code     2  stm32f1xx_hal_tim_ex.o(i.HAL_TIMEx_CommutCallback)
    HAL_TIMEx_MasterConfigSynchronization    0x080032c9   Thumb Code   104  stm32f1xx_hal_tim_ex.o(i.HAL_TIMEx_MasterConfigSynchronization)
    HAL_TIM_Base_Init                        0x08003345   Thumb Code    90  stm32f1xx_hal_tim.o(i.HAL_TIM_Base_Init)
    HAL_TIM_Base_MspInit                     0x080033a1   Thumb Code    50  stm32f1xx_hal_msp.o(i.HAL_TIM_Base_MspInit)
    HAL_TIM_Base_Start_IT                    0x080033d9   Thumb Code    88  stm32f1xx_hal_tim.o(i.HAL_TIM_Base_Start_IT)
    HAL_TIM_Base_Stop_IT                     0x08003445   Thumb Code    48  stm32f1xx_hal_tim.o(i.HAL_TIM_Base_Stop_IT)
    HAL_TIM_ConfigClockSource                0x08003475   Thumb Code   220  stm32f1xx_hal_tim.o(i.HAL_TIM_ConfigClockSource)
    HAL_TIM_IC_CaptureCallback               0x08003551   Thumb Code     2  stm32f1xx_hal_tim.o(i.HAL_TIM_IC_CaptureCallback)
    HAL_TIM_IRQHandler                       0x08003553   Thumb Code   358  stm32f1xx_hal_tim.o(i.HAL_TIM_IRQHandler)
    HAL_TIM_OC_DelayElapsedCallback          0x080036b9   Thumb Code     2  stm32f1xx_hal_tim.o(i.HAL_TIM_OC_DelayElapsedCallback)
    HAL_TIM_PWM_PulseFinishedCallback        0x080036bb   Thumb Code     2  stm32f1xx_hal_tim.o(i.HAL_TIM_PWM_PulseFinishedCallback)
    HAL_TIM_PeriodElapsedCallback            0x080036bd   Thumb Code    42  main.o(i.HAL_TIM_PeriodElapsedCallback)
    HAL_TIM_TriggerCallback                  0x080036f5   Thumb Code     2  stm32f1xx_hal_tim.o(i.HAL_TIM_TriggerCallback)
    HAL_UARTEx_RxEventCallback               0x080036f7   Thumb Code     2  stm32f1xx_hal_uart.o(i.HAL_UARTEx_RxEventCallback)
    HAL_UART_ErrorCallback                   0x080036f9   Thumb Code     2  stm32f1xx_hal_uart.o(i.HAL_UART_ErrorCallback)
    HAL_UART_IRQHandler                      0x080036fd   Thumb Code   616  stm32f1xx_hal_uart.o(i.HAL_UART_IRQHandler)
    HAL_UART_Init                            0x08003969   Thumb Code   100  stm32f1xx_hal_uart.o(i.HAL_UART_Init)
    HAL_UART_MspInit                         0x080039cd   Thumb Code   116  stm32f1xx_hal_msp.o(i.HAL_UART_MspInit)
    HAL_UART_Receive_IT                      0x08003a4d   Thumb Code    28  stm32f1xx_hal_uart.o(i.HAL_UART_Receive_IT)
    HAL_UART_RxCpltCallback                  0x08003a69   Thumb Code    38  main.o(i.HAL_UART_RxCpltCallback)
    HAL_UART_Transmit                        0x08003a99   Thumb Code   154  stm32f1xx_hal_uart.o(i.HAL_UART_Transmit)
    HAL_UART_TxCpltCallback                  0x08003b33   Thumb Code     2  stm32f1xx_hal_uart.o(i.HAL_UART_TxCpltCallback)
    HardFault_Handler                        0x08003b35   Thumb Code     2  stm32f1xx_it.o(i.HardFault_Handler)
    MemManage_Handler                        0x08004069   Thumb Code     2  stm32f1xx_it.o(i.MemManage_Handler)
    NMI_Handler                              0x0800406b   Thumb Code     2  stm32f1xx_it.o(i.NMI_Handler)
    PendSV_Handler                           0x0800406d   Thumb Code     2  stm32f1xx_it.o(i.PendSV_Handler)
    SVC_Handler                              0x0800406f   Thumb Code     2  stm32f1xx_it.o(i.SVC_Handler)
    SysTick_Handler                          0x08004071   Thumb Code     4  stm32f1xx_it.o(i.SysTick_Handler)
    SystemClock_Config                       0x08004075   Thumb Code    94  main.o(i.SystemClock_Config)
    SystemInit                               0x080040d3   Thumb Code     2  system_stm32f1xx.o(i.SystemInit)
    TIM2_IRQHandler                          0x080040d5   Thumb Code     6  stm32f1xx_it.o(i.TIM2_IRQHandler)
    TIM_Base_SetConfig                       0x080040e1   Thumb Code   120  stm32f1xx_hal_tim.o(i.TIM_Base_SetConfig)
    TIM_ETR_SetConfig                        0x0800416d   Thumb Code    20  stm32f1xx_hal_tim.o(i.TIM_ETR_SetConfig)
    UART_Start_Receive_IT                    0x080043b1   Thumb Code    54  stm32f1xx_hal_uart.o(i.UART_Start_Receive_IT)
    USART1_IRQHandler                        0x08004461   Thumb Code     6  stm32f1xx_it.o(i.USART1_IRQHandler)
    UsageFault_Handler                       0x0800446d   Thumb Code     2  stm32f1xx_it.o(i.UsageFault_Handler)
    __ARM_fpclassify                         0x0800446f   Thumb Code    40  fpclassify.o(i.__ARM_fpclassify)
    __kernel_poly                            0x080044b7   Thumb Code   170  poly.o(i.__kernel_poly)
    __mathlib_dbl_divzero                    0x08004561   Thumb Code    12  dunder.o(i.__mathlib_dbl_divzero)
    __mathlib_dbl_infnan2                    0x08004571   Thumb Code     4  dunder.o(i.__mathlib_dbl_infnan2)
    __mathlib_dbl_invalid                    0x08004575   Thumb Code    12  dunder.o(i.__mathlib_dbl_invalid)
    __mathlib_dbl_overflow                   0x08004581   Thumb Code    14  dunder.o(i.__mathlib_dbl_overflow)
    __mathlib_dbl_underflow                  0x08004591   Thumb Code    10  dunder.o(i.__mathlib_dbl_underflow)
    _is_digit                                0x080045a1   Thumb Code    14  __printf_wp.o(i._is_digit)
    cli_command_handle                       0x080045b1   Thumb Code    70  cli_command.o(i.cli_command_handle)
    config_i2c                               0x08004601   Thumb Code     6  i2c.o(i.config_i2c)
    detect_invalid_data_unknow_mes_error     0x0800460d   Thumb Code   194  device_control.o(i.detect_invalid_data_unknow_mes_error)
    device_excute                            0x080046d1   Thumb Code    42  cli_command.o(i.device_excute)
    device_handle                            0x08004705   Thumb Code    86  cli_command.o(i.device_handle)
    device_infomation_init                   0x08004765   Thumb Code   248  device_control.o(i.device_infomation_init)
    driver_init                              0x08004869   Thumb Code    44  i2c.o(i.driver_init)
    err_cli_handle                           0x080048a1   Thumb Code    72  device_control.o(i.err_cli_handle)
    error_excute                             0x080048ed   Thumb Code   340  device_control.o(i.error_excute)
    flash_erase_and_write                    0x08004af5   Thumb Code    36  flash.o(i.flash_erase_and_write)
    flash_erease                             0x08004b19   Thumb Code    26  flash.o(i.flash_erease)
    flash_read_arr                           0x08004b33   Thumb Code    26  flash.o(i.flash_read_arr)
    flash_write_arr                          0x08004b4d   Thumb Code    40  flash.o(i.flash_write_arr)
    get_curr_setting                         0x08004b75   Thumb Code   122  device_control.o(i.get_curr_setting)
    get_firmware_version                     0x08004bf9   Thumb Code    70  device_control.o(i.get_firmware_version)
    get_hardware_version                     0x08004c49   Thumb Code    68  device_control.o(i.get_hardware_version)
    get_max_current_can_provide              0x08004c95   Thumb Code   170  device_control.o(i.get_max_current_can_provide)
    get_max_current_can_take                 0x08004d49   Thumb Code   170  device_control.o(i.get_max_current_can_take)
    get_number_of_channel                    0x08004dfd   Thumb Code    70  device_control.o(i.get_number_of_channel)
    get_serial_number                        0x08004e4d   Thumb Code    78  device_control.o(i.get_serial_number)
    i2c_data_handle                          0x08004ea5   Thumb Code    12  i2c.o(i.i2c_data_handle)
    initialize_device                        0x08004eb1   Thumb Code     6  cli_command.o(i.initialize_device)
    invert_integer32                         0x08004ebd   Thumb Code     8  supplement.o(i.invert_integer32)
    main                                     0x08004ec5   Thumb Code   182  main.o(i.main)
    number_index_init                        0x08004fa1   Thumb Code    22  device_control.o(i.number_index_init)
    pow                                      0x08004fb9   Thumb Code  2512  pow.o(i.pow)
    receive_data                             0x08005991   Thumb Code    40  uart.o(i.receive_data)
    response_hex                             0x080059f1   Thumb Code    16  response_ci.o(i.response_hex)
    response_init                            0x08005a05   Thumb Code     6  response_ci.o(i.response_init)
    response_print                           0x08005a11   Thumb Code    56  response_ci.o(i.response_print)
    save_curr_setting                        0x08005a51   Thumb Code    10  device_control.o(i.save_curr_setting)
    set_hardware_version                     0x08005a61   Thumb Code    28  device_control.o(i.set_hardware_version)
    set_max_current_can_provide              0x08005a81   Thumb Code    64  device_control.o(i.set_max_current_can_provide)
    set_max_current_can_take                 0x08005ac5   Thumb Code    64  device_control.o(i.set_max_current_can_take)
    set_number_of_channel                    0x08005b09   Thumb Code    30  device_control.o(i.set_number_of_channel)
    set_serial_number                        0x08005b2d   Thumb Code    34  device_control.o(i.set_serial_number)
    sqrt                                     0x08005b55   Thumb Code    76  sqrt.o(i.sqrt)
    take_device_info_from_flash              0x08005ba1   Thumb Code    10  device_control.o(i.take_device_info_from_flash)
    tranfer_hex_to_dec                       0x08005bb1   Thumb Code   162  supplement.o(i.tranfer_hex_to_dec)
    transfer_array2_to_hex                   0x08005c59   Thumb Code     4  supplement.o(i.transfer_array2_to_hex)
    transmit_data_to_max5215                 0x08005c5d   Thumb Code    88  i2c.o(i.transmit_data_to_max5215)
    turn_off                                 0x08005cc5   Thumb Code    24  i2c.o(i.turn_off)
    turn_off_channel                         0x08005ce1   Thumb Code    56  device_control.o(i.turn_off_channel)
    turn_on                                  0x08005d19   Thumb Code    38  i2c.o(i.turn_on)
    turn_on_channel                          0x08005d41   Thumb Code    72  device_control.o(i.turn_on_channel)
    uart_handle                              0x08005d89   Thumb Code    34  uart.o(i.uart_handle)
    _get_lc_numeric                          0x08005db9   Thumb Code    44  lc_numeric_c.o(locale$$code)
    _get_lc_ctype                            0x08005de5   Thumb Code    44  lc_ctype_c.o(locale$$code)
    __aeabi_dadd                             0x08005e11   Thumb Code     0  daddsub_clz.o(x$fpl$dadd)
    _dadd                                    0x08005e11   Thumb Code   332  daddsub_clz.o(x$fpl$dadd)
    __fpl_dcheck_NaN1                        0x08005f61   Thumb Code    10  dcheck1.o(x$fpl$dcheck1)
    __fpl_dcmp_Inf                           0x08005f71   Thumb Code    24  dcmpi.o(x$fpl$dcmpinf)
    __aeabi_ddiv                             0x08005f89   Thumb Code     0  ddiv.o(x$fpl$ddiv)
    _ddiv                                    0x08005f89   Thumb Code   552  ddiv.o(x$fpl$ddiv)
    __aeabi_d2uiz                            0x08006239   Thumb Code     0  dfixu.o(x$fpl$dfixu)
    _dfixu                                   0x08006239   Thumb Code    90  dfixu.o(x$fpl$dfixu)
    __aeabi_i2d                              0x08006293   Thumb Code     0  dflt_clz.o(x$fpl$dflt)
    _dflt                                    0x08006293   Thumb Code    46  dflt_clz.o(x$fpl$dflt)
    __aeabi_ui2d                             0x080062c1   Thumb Code     0  dflt_clz.o(x$fpl$dfltu)
    _dfltu                                   0x080062c1   Thumb Code    38  dflt_clz.o(x$fpl$dfltu)
    __aeabi_cdcmple                          0x080062e9   Thumb Code     0  dleqf.o(x$fpl$dleqf)
    _dcmple                                  0x080062e9   Thumb Code   120  dleqf.o(x$fpl$dleqf)
    __fpl_dcmple_InfNaN                      0x0800634b   Thumb Code     0  dleqf.o(x$fpl$dleqf)
    __aeabi_dmul                             0x08006361   Thumb Code     0  dmul.o(x$fpl$dmul)
    _dmul                                    0x08006361   Thumb Code   332  dmul.o(x$fpl$dmul)
    __fpl_dnaninf                            0x080064b5   Thumb Code   156  dnaninf.o(x$fpl$dnaninf)
    __fpl_dretinf                            0x08006551   Thumb Code    12  dretinf.o(x$fpl$dretinf)
    __aeabi_cdrcmple                         0x0800655d   Thumb Code     0  drleqf.o(x$fpl$drleqf)
    _drcmple                                 0x0800655d   Thumb Code   108  drleqf.o(x$fpl$drleqf)
    __aeabi_drsub                            0x080065c9   Thumb Code     0  daddsub_clz.o(x$fpl$drsb)
    _drsb                                    0x080065c9   Thumb Code    22  daddsub_clz.o(x$fpl$drsb)
    _dsqrt                                   0x080065e1   Thumb Code   456  dsqrt_noumaal.o(x$fpl$dsqrt)
    __aeabi_dsub                             0x080067ad   Thumb Code     0  daddsub_clz.o(x$fpl$dsub)
    _dsub                                    0x080067ad   Thumb Code   464  daddsub_clz.o(x$fpl$dsub)
    __aeabi_f2d                              0x08006981   Thumb Code     0  f2d.o(x$fpl$f2d)
    _f2d                                     0x08006981   Thumb Code    86  f2d.o(x$fpl$f2d)
    __aeabi_fdiv                             0x080069d9   Thumb Code     0  fdiv.o(x$fpl$fdiv)
    _fdiv                                    0x080069d9   Thumb Code   384  fdiv.o(x$fpl$fdiv)
    __aeabi_ui2f                             0x08006b5d   Thumb Code     0  fflt_clz.o(x$fpl$ffltu)
    _ffltu                                   0x08006b5d   Thumb Code    38  fflt_clz.o(x$fpl$ffltu)
    __fpl_fnaninf                            0x08006b83   Thumb Code   140  fnaninf.o(x$fpl$fnaninf)
    __fpl_fretinf                            0x08006c0f   Thumb Code    10  fretinf.o(x$fpl$fretinf)
    _printf_fp_dec                           0x08006c19   Thumb Code     4  printf1.o(x$fpl$printf1)
    _printf_fp_hex                           0x08006c1d   Thumb Code     4  printf2.o(x$fpl$printf2)
    __fpl_return_NaN                         0x08006c21   Thumb Code   100  retnan.o(x$fpl$retnan)
    __ARM_scalbn                             0x08006c85   Thumb Code    92  scalbn.o(x$fpl$scalbn)
    __fpl_cmpreturn                          0x08006ce1   Thumb Code    48  trapv.o(x$fpl$trapveneer)
    __I$use$fp                               0x08006d10   Number         0  usenofp.o(x$fpl$usenofp)
    AHBPrescTable                            0x08006d22   Data          16  system_stm32f1xx.o(.constdata)
    APBPrescTable                            0x08006d32   Data           8  system_stm32f1xx.o(.constdata)
    __mathlib_zero                           0x08006e10   Data           8  qnan.o(.constdata)
    Region$$Table$$Base                      0x08006ed4   Number         0  anon$$obj.o(Region$$Table)
    Region$$Table$$Limit                     0x08006ef4   Number         0  anon$$obj.o(Region$$Table)
    __ctype                                  0x08006f1d   Data           0  lc_ctype_c.o(locale$$data)
    counter                                  0x20000000   Data           1  main.o(.data)
    test_dev                                 0x20000004   Data           4  main.o(.data)
    uwTickFreq                               0x20000008   Data           1  stm32f1xx_hal.o(.data)
    uwTickPrio                               0x2000000c   Data           4  stm32f1xx_hal.o(.data)
    uwTick                                   0x20000010   Data           4  stm32f1xx_hal.o(.data)
    SystemCoreClock                          0x20000014   Data           4  system_stm32f1xx.o(.data)
    flag                                     0x2000001c   Data           1  uart.o(.data)
    len                                      0x2000001e   Data           2  uart.o(.data)
    data_len                                 0x20000020   Data           2  cli_command.o(.data)
    mes_type                                 0x20000022   Data           2  cli_command.o(.data)
    message_func_arr                         0x20000024   Data         128  cli_command.o(.data)
    i2c                                      0x200000a4   Data           4  i2c.o(.data)
    def_number_of_channel                    0x200000a8   Data           1  device_control.o(.data)
    hardware_flag                            0x200000a9   Data           1  device_control.o(.data)
    firmware_flag                            0x200000aa   Data           1  device_control.o(.data)
    serial_flag                              0x200000ab   Data           1  device_control.o(.data)
    number_channel_flag                      0x200000ac   Data           1  device_control.o(.data)
    max_curr_pro_flag                        0x200000ad   Data           1  device_control.o(.data)
    max_curr_take_flag                       0x200000ae   Data           1  device_control.o(.data)
    curr_flag                                0x200000af   Data           1  device_control.o(.data)
    state1                                   0x200000b0   Data           1  device_control.o(.data)
    state2                                   0x200000b1   Data           1  device_control.o(.data)
    def_hardware_ver                         0x200000b2   Data           2  device_control.o(.data)
    def_firmware_ver                         0x200000b4   Data           2  device_control.o(.data)
    def_max_curr_can_pro                     0x200000b6   Data           2  device_control.o(.data)
    def_max_curr_can_take                    0x200000b8   Data           2  device_control.o(.data)
    def_current                              0x200000ba   Data           2  device_control.o(.data)
    def_serial_number                        0x200000bc   Data          50  device_control.o(.data)
    res_init                                 0x200000f0   Data          16  device_control.o(.data)
    err_code_init                            0x20000100   Data          16  device_control.o(.data)
    hi2c1                                    0x20000110   Data          84  main.o(.bss)
    htim2                                    0x20000164   Data          72  main.o(.bss)
    huart1                                   0x200001ac   Data          72  main.o(.bss)
    pFlash                                   0x200001f8   Data          32  stm32f1xx_hal_flash.o(.bss)
    buffer                                   0x20000218   Data         100  uart.o(.bss)
    data                                     0x2000027c   Data         100  cli_command.o(.bss)
    s_frame                                  0x200002e0   Data          14  cli_command.o(.bss)
    device_infomation                        0x200002ee   Data         111  cli_command.o(.bss)
    not_serial                               0x2000035d   Data          50  device_control.o(.bss)
    r_frame                                  0x2000038f   Data          14  device_control.o(.bss)
    res_frame_no_err                         0x2000039d   Data         100  device_control.o(.bss)
    res_frame_err                            0x20000401   Data          14  device_control.o(.bss)
    __libspace_start                         0x20000410   Data          96  libspace.o(.bss)
    __temporary_stack_top$libspace           0x20000470   Data           0  libspace.o(.bss)



==============================================================================

Memory Map of the image

  Image Entry point : 0x08000131

  Load Region LR_IROM1 (Base: 0x08000000, Size: 0x00007130, Max: 0x00040000, ABSOLUTE)

    Execution Region ER_IROM1 (Exec base: 0x08000000, Load base: 0x08000000, Size: 0x00007020, Max: 0x00040000, ABSOLUTE)

    Exec Addr    Load Addr    Size         Type   Attr      Idx    E Section Name        Object

    0x08000000   0x08000000   0x00000130   Data   RO            3    RESET               startup_stm32f103xe.o
    0x08000130   0x08000130   0x00000008   Code   RO         3800  * !!!main             c_w.l(__main.o)
    0x08000138   0x08000138   0x00000034   Code   RO         4275    !!!scatter          c_w.l(__scatter.o)
    0x0800016c   0x0800016c   0x0000001a   Code   RO         4277    !!handler_copy      c_w.l(__scatter_copy.o)
    0x08000186   0x08000186   0x00000002   PAD
    0x08000188   0x08000188   0x0000001c   Code   RO         4279    !!handler_zi        c_w.l(__scatter_zi.o)
    0x080001a4   0x080001a4   0x00000000   Code   RO         3963    .ARM.Collect$$_printf_percent$$00000000  c_w.l(_printf_percent.o)
    0x080001a4   0x080001a4   0x00000006   Code   RO         3952    .ARM.Collect$$_printf_percent$$00000001  c_w.l(_printf_n.o)
    0x080001aa   0x080001aa   0x00000006   Code   RO         3954    .ARM.Collect$$_printf_percent$$00000002  c_w.l(_printf_p.o)
    0x080001b0   0x080001b0   0x00000006   Code   RO         3959    .ARM.Collect$$_printf_percent$$00000003  c_w.l(_printf_f.o)
    0x080001b6   0x080001b6   0x00000006   Code   RO         3960    .ARM.Collect$$_printf_percent$$00000004  c_w.l(_printf_e.o)
    0x080001bc   0x080001bc   0x00000006   Code   RO         3961    .ARM.Collect$$_printf_percent$$00000005  c_w.l(_printf_g.o)
    0x080001c2   0x080001c2   0x00000006   Code   RO         3962    .ARM.Collect$$_printf_percent$$00000006  c_w.l(_printf_a.o)
    0x080001c8   0x080001c8   0x0000000a   Code   RO         3967    .ARM.Collect$$_printf_percent$$00000007  c_w.l(_printf_ll.o)
    0x080001d2   0x080001d2   0x00000006   Code   RO         3956    .ARM.Collect$$_printf_percent$$00000008  c_w.l(_printf_i.o)
    0x080001d8   0x080001d8   0x00000006   Code   RO         3957    .ARM.Collect$$_printf_percent$$00000009  c_w.l(_printf_d.o)
    0x080001de   0x080001de   0x00000006   Code   RO         3958    .ARM.Collect$$_printf_percent$$0000000A  c_w.l(_printf_u.o)
    0x080001e4   0x080001e4   0x00000006   Code   RO         3955    .ARM.Collect$$_printf_percent$$0000000B  c_w.l(_printf_o.o)
    0x080001ea   0x080001ea   0x00000006   Code   RO         3953    .ARM.Collect$$_printf_percent$$0000000C  c_w.l(_printf_x.o)
    0x080001f0   0x080001f0   0x00000006   Code   RO         3964    .ARM.Collect$$_printf_percent$$0000000D  c_w.l(_printf_lli.o)
    0x080001f6   0x080001f6   0x00000006   Code   RO         3965    .ARM.Collect$$_printf_percent$$0000000E  c_w.l(_printf_lld.o)
    0x080001fc   0x080001fc   0x00000006   Code   RO         3966    .ARM.Collect$$_printf_percent$$0000000F  c_w.l(_printf_llu.o)
    0x08000202   0x08000202   0x00000006   Code   RO         3971    .ARM.Collect$$_printf_percent$$00000010  c_w.l(_printf_llo.o)
    0x08000208   0x08000208   0x00000006   Code   RO         3972    .ARM.Collect$$_printf_percent$$00000011  c_w.l(_printf_llx.o)
    0x0800020e   0x0800020e   0x0000000a   Code   RO         3968    .ARM.Collect$$_printf_percent$$00000012  c_w.l(_printf_l.o)
    0x08000218   0x08000218   0x00000006   Code   RO         3950    .ARM.Collect$$_printf_percent$$00000013  c_w.l(_printf_c.o)
    0x0800021e   0x0800021e   0x00000006   Code   RO         3951    .ARM.Collect$$_printf_percent$$00000014  c_w.l(_printf_s.o)
    0x08000224   0x08000224   0x00000006   Code   RO         3969    .ARM.Collect$$_printf_percent$$00000015  c_w.l(_printf_lc.o)
    0x0800022a   0x0800022a   0x00000006   Code   RO         3970    .ARM.Collect$$_printf_percent$$00000016  c_w.l(_printf_ls.o)
    0x08000230   0x08000230   0x00000004   Code   RO         4120    .ARM.Collect$$_printf_percent$$00000017  c_w.l(_printf_percent_end.o)
    0x08000234   0x08000234   0x00000002   Code   RO         4201    .ARM.Collect$$libinit$$00000000  c_w.l(libinit.o)
    0x08000236   0x08000236   0x00000000   Code   RO         3980    .ARM.Collect$$libinit$$00000002  c_w.l(libinit2.o)
    0x08000236   0x08000236   0x00000000   Code   RO         3982    .ARM.Collect$$libinit$$00000004  c_w.l(libinit2.o)
    0x08000236   0x08000236   0x00000008   Code   RO         3983    .ARM.Collect$$libinit$$00000005  c_w.l(libinit2.o)
    0x0800023e   0x0800023e   0x00000000   Code   RO         3985    .ARM.Collect$$libinit$$0000000A  c_w.l(libinit2.o)
    0x0800023e   0x0800023e   0x00000000   Code   RO         3987    .ARM.Collect$$libinit$$0000000C  c_w.l(libinit2.o)
    0x0800023e   0x0800023e   0x00000000   Code   RO         3989    .ARM.Collect$$libinit$$0000000E  c_w.l(libinit2.o)
    0x0800023e   0x0800023e   0x00000006   Code   RO         3990    .ARM.Collect$$libinit$$0000000F  c_w.l(libinit2.o)
    0x08000244   0x08000244   0x00000000   Code   RO         3992    .ARM.Collect$$libinit$$00000011  c_w.l(libinit2.o)
    0x08000244   0x08000244   0x0000000c   Code   RO         3993    .ARM.Collect$$libinit$$00000012  c_w.l(libinit2.o)
    0x08000250   0x08000250   0x00000000   Code   RO         3994    .ARM.Collect$$libinit$$00000013  c_w.l(libinit2.o)
    0x08000250   0x08000250   0x00000000   Code   RO         3996    .ARM.Collect$$libinit$$00000015  c_w.l(libinit2.o)
    0x08000250   0x08000250   0x0000000a   Code   RO         3997    .ARM.Collect$$libinit$$00000016  c_w.l(libinit2.o)
    0x0800025a   0x0800025a   0x00000000   Code   RO         3998    .ARM.Collect$$libinit$$00000017  c_w.l(libinit2.o)
    0x0800025a   0x0800025a   0x00000000   Code   RO         4000    .ARM.Collect$$libinit$$00000019  c_w.l(libinit2.o)
    0x0800025a   0x0800025a   0x00000000   Code   RO         4002    .ARM.Collect$$libinit$$0000001B  c_w.l(libinit2.o)
    0x0800025a   0x0800025a   0x00000000   Code   RO         4004    .ARM.Collect$$libinit$$0000001D  c_w.l(libinit2.o)
    0x0800025a   0x0800025a   0x00000000   Code   RO         4006    .ARM.Collect$$libinit$$0000001F  c_w.l(libinit2.o)
    0x0800025a   0x0800025a   0x00000000   Code   RO         4008    .ARM.Collect$$libinit$$00000021  c_w.l(libinit2.o)
    0x0800025a   0x0800025a   0x00000000   Code   RO         4010    .ARM.Collect$$libinit$$00000023  c_w.l(libinit2.o)
    0x0800025a   0x0800025a   0x00000000   Code   RO         4012    .ARM.Collect$$libinit$$00000025  c_w.l(libinit2.o)
    0x0800025a   0x0800025a   0x00000000   Code   RO         4016    .ARM.Collect$$libinit$$0000002C  c_w.l(libinit2.o)
    0x0800025a   0x0800025a   0x00000000   Code   RO         4018    .ARM.Collect$$libinit$$0000002E  c_w.l(libinit2.o)
    0x0800025a   0x0800025a   0x00000000   Code   RO         4020    .ARM.Collect$$libinit$$00000030  c_w.l(libinit2.o)
    0x0800025a   0x0800025a   0x00000000   Code   RO         4022    .ARM.Collect$$libinit$$00000032  c_w.l(libinit2.o)
    0x0800025a   0x0800025a   0x00000002   Code   RO         4023    .ARM.Collect$$libinit$$00000033  c_w.l(libinit2.o)
    0x0800025c   0x0800025c   0x00000002   Code   RO         4272    .ARM.Collect$$libshutdown$$00000000  c_w.l(libshutdown.o)
    0x0800025e   0x0800025e   0x00000000   Code   RO         4226    .ARM.Collect$$libshutdown$$00000002  c_w.l(libshutdown2.o)
    0x0800025e   0x0800025e   0x00000000   Code   RO         4228    .ARM.Collect$$libshutdown$$00000004  c_w.l(libshutdown2.o)
    0x0800025e   0x0800025e   0x00000000   Code   RO         4231    .ARM.Collect$$libshutdown$$00000007  c_w.l(libshutdown2.o)
    0x0800025e   0x0800025e   0x00000000   Code   RO         4234    .ARM.Collect$$libshutdown$$0000000A  c_w.l(libshutdown2.o)
    0x0800025e   0x0800025e   0x00000000   Code   RO         4236    .ARM.Collect$$libshutdown$$0000000C  c_w.l(libshutdown2.o)
    0x0800025e   0x0800025e   0x00000000   Code   RO         4239    .ARM.Collect$$libshutdown$$0000000F  c_w.l(libshutdown2.o)
    0x0800025e   0x0800025e   0x00000002   Code   RO         4240    .ARM.Collect$$libshutdown$$00000010  c_w.l(libshutdown2.o)
    0x08000260   0x08000260   0x00000000   Code   RO         3848    .ARM.Collect$$rtentry$$00000000  c_w.l(__rtentry.o)
    0x08000260   0x08000260   0x00000000   Code   RO         4078    .ARM.Collect$$rtentry$$00000002  c_w.l(__rtentry2.o)
    0x08000260   0x08000260   0x00000006   Code   RO         4090    .ARM.Collect$$rtentry$$00000004  c_w.l(__rtentry4.o)
    0x08000266   0x08000266   0x00000000   Code   RO         4080    .ARM.Collect$$rtentry$$00000009  c_w.l(__rtentry2.o)
    0x08000266   0x08000266   0x00000004   Code   RO         4081    .ARM.Collect$$rtentry$$0000000A  c_w.l(__rtentry2.o)
    0x0800026a   0x0800026a   0x00000000   Code   RO         4083    .ARM.Collect$$rtentry$$0000000C  c_w.l(__rtentry2.o)
    0x0800026a   0x0800026a   0x00000008   Code   RO         4084    .ARM.Collect$$rtentry$$0000000D  c_w.l(__rtentry2.o)
    0x08000272   0x08000272   0x00000002   Code   RO         4210    .ARM.Collect$$rtexit$$00000000  c_w.l(rtexit.o)
    0x08000274   0x08000274   0x00000000   Code   RO         4246    .ARM.Collect$$rtexit$$00000002  c_w.l(rtexit2.o)
    0x08000274   0x08000274   0x00000004   Code   RO         4247    .ARM.Collect$$rtexit$$00000003  c_w.l(rtexit2.o)
    0x08000278   0x08000278   0x00000006   Code   RO         4248    .ARM.Collect$$rtexit$$00000004  c_w.l(rtexit2.o)
    0x0800027e   0x0800027e   0x00000002   PAD
    0x08000280   0x08000280   0x00000000   Code   RO         4099    .emb_text           c_w.l(maybetermalloc1.o)
    0x08000280   0x08000280   0x00000040   Code   RO            4    .text               startup_stm32f103xe.o
    0x080002c0   0x080002c0   0x00000028   Code   RO         3726    .text               c_w.l(calloc.o)
    0x080002e8   0x080002e8   0x0000005e   Code   RO         3728    .text               c_w.l(h1_alloc.o)
    0x08000346   0x08000346   0x00000026   Code   RO         3782    .text               c_w.l(llushr.o)
    0x0800036c   0x0800036c   0x00000024   Code   RO         3784    .text               c_w.l(vsprintf.o)
    0x08000390   0x08000390   0x00000058   Code   RO         3786    .text               c_w.l(memcmp.o)
    0x080003e8   0x080003e8   0x00000048   Code   RO         3788    .text               c_w.l(strcpy.o)
    0x08000430   0x08000430   0x0000003e   Code   RO         3790    .text               c_w.l(strlen.o)
    0x0800046e   0x0800046e   0x0000008a   Code   RO         3792    .text               c_w.l(rt_memcpy_v6.o)
    0x080004f8   0x080004f8   0x00000010   Code   RO         3794    .text               c_w.l(aeabi_memset.o)
    0x08000508   0x08000508   0x0000004e   Code   RO         3796    .text               c_w.l(rt_memclr_w.o)
    0x08000556   0x08000556   0x00000006   Code   RO         3798    .text               c_w.l(heapauxi.o)
    0x0800055c   0x0800055c   0x00000008   Code   RO         3852    .text               c_w.l(rt_heap_descriptor_intlibspace.o)
    0x08000564   0x08000564   0x00000004   Code   RO         3854    .text               c_w.l(hguard.o)
    0x08000568   0x08000568   0x0000008a   Code   RO         3856    .text               c_w.l(init_alloc.o)
    0x080005f2   0x080005f2   0x0000000e   Code   RO         3862    .text               c_w.l(h1_init.o)
    0x08000600   0x08000600   0x0000004e   Code   RO         3864    .text               c_w.l(h1_free.o)
    0x0800064e   0x0800064e   0x00000016   Code   RO         3880    .text               c_w.l(_rserrno.o)
    0x08000664   0x08000664   0x0000004e   Code   RO         3884    .text               c_w.l(_printf_pad.o)
    0x080006b2   0x080006b2   0x00000024   Code   RO         3886    .text               c_w.l(_printf_truncate.o)
    0x080006d6   0x080006d6   0x00000052   Code   RO         3888    .text               c_w.l(_printf_str.o)
    0x08000728   0x08000728   0x00000078   Code   RO         3890    .text               c_w.l(_printf_dec.o)
    0x080007a0   0x080007a0   0x00000028   Code   RO         3892    .text               c_w.l(_printf_charcount.o)
    0x080007c8   0x080007c8   0x00000030   Code   RO         3894    .text               c_w.l(_printf_char_common.o)
    0x080007f8   0x080007f8   0x0000000a   Code   RO         3896    .text               c_w.l(_sputc.o)
    0x08000802   0x08000802   0x00000002   PAD
    0x08000804   0x08000804   0x000000bc   Code   RO         3898    .text               c_w.l(_printf_wctomb.o)
    0x080008c0   0x080008c0   0x0000007c   Code   RO         3901    .text               c_w.l(_printf_longlong_dec.o)
    0x0800093c   0x0800093c   0x00000070   Code   RO         3907    .text               c_w.l(_printf_oct_int_ll.o)
    0x080009ac   0x080009ac   0x00000094   Code   RO         3927    .text               c_w.l(_printf_hex_int_ll_ptr.o)
    0x08000a40   0x08000a40   0x00000188   Code   RO         3947    .text               c_w.l(__printf_flags_ss_wp.o)
    0x08000bc8   0x08000bc8   0x00000064   Code   RO         3973    .text               c_w.l(rt_memcpy_w.o)
    0x08000c2c   0x08000c2c   0x00000044   Code   RO         3975    .text               c_w.l(rt_memclr.o)
    0x08000c70   0x08000c70   0x00000008   Code   RO         4074    .text               c_w.l(libspace.o)
    0x08000c78   0x08000c78   0x00000008   Code   RO         4095    .text               c_w.l(rt_errno_addr_intlibspace.o)
    0x08000c80   0x08000c80   0x00000034   Code   RO         4101    .text               c_w.l(h1_extend.o)
    0x08000cb4   0x08000cb4   0x0000008a   Code   RO         4105    .text               c_w.l(lludiv10.o)
    0x08000d3e   0x08000d3e   0x000000b2   Code   RO         4107    .text               c_w.l(_printf_intcommon.o)
    0x08000df0   0x08000df0   0x0000041e   Code   RO         4109    .text               c_w.l(_printf_fp_dec.o)
    0x0800120e   0x0800120e   0x00000002   PAD
    0x08001210   0x08001210   0x000002fc   Code   RO         4111    .text               c_w.l(_printf_fp_hex.o)
    0x0800150c   0x0800150c   0x0000002c   Code   RO         4116    .text               c_w.l(_printf_char.o)
    0x08001538   0x08001538   0x0000002c   Code   RO         4118    .text               c_w.l(_printf_wchar.o)
    0x08001564   0x08001564   0x00000040   Code   RO         4121    .text               c_w.l(_wcrtomb.o)
    0x080015a4   0x080015a4   0x0000000e   Code   RO         4123    .text               c_w.l(defsig_rtmem_outer.o)
    0x080015b2   0x080015b2   0x00000002   Code   RO         4140    .text               c_w.l(use_no_semi.o)
    0x080015b4   0x080015b4   0x00000000   Code   RO         4142    .text               c_w.l(indicate_semi.o)
    0x080015b4   0x080015b4   0x0000004a   Code   RO         4143    .text               c_w.l(sys_stackheap_outer.o)
    0x080015fe   0x080015fe   0x00000002   PAD
    0x08001600   0x08001600   0x00000010   Code   RO         4145    .text               c_w.l(rt_ctype_table.o)
    0x08001610   0x08001610   0x00000008   Code   RO         4152    .text               c_w.l(rt_locale_intlibspace.o)
    0x08001618   0x08001618   0x00000080   Code   RO         4156    .text               c_w.l(_printf_fp_infnan.o)
    0x08001698   0x08001698   0x000000e4   Code   RO         4158    .text               c_w.l(bigflt0.o)
    0x0800177c   0x0800177c   0x00000012   Code   RO         4186    .text               c_w.l(exit.o)
    0x0800178e   0x0800178e   0x0000000a   Code   RO         4188    .text               c_w.l(defsig_exit.o)
    0x08001798   0x08001798   0x00000050   Code   RO         4190    .text               c_w.l(defsig_rtmem_inner.o)
    0x080017e8   0x080017e8   0x0000000c   Code   RO         4208    .text               c_w.l(sys_exit.o)
    0x080017f4   0x080017f4   0x00000032   Code   RO         4221    .text               c_w.l(defsig_general.o)
    0x08001826   0x08001826   0x00000002   PAD
    0x08001828   0x08001828   0x00000080   Code   RO         4223    .text               c_w.l(strcmpv7m.o)
    0x080018a8   0x080018a8   0x0000000e   Code   RO         4243    .text               c_w.l(sys_wrch.o)
    0x080018b6   0x080018b6   0x0000003e   Code   RO         4161    CL$$btod_d2e        c_w.l(btod.o)
    0x080018f4   0x080018f4   0x00000046   Code   RO         4163    CL$$btod_d2e_denorm_low  c_w.l(btod.o)
    0x0800193a   0x0800193a   0x00000060   Code   RO         4162    CL$$btod_d2e_norm_op1  c_w.l(btod.o)
    0x0800199a   0x0800199a   0x00000338   Code   RO         4171    CL$$btod_div_common  c_w.l(btod.o)
    0x08001cd2   0x08001cd2   0x000000dc   Code   RO         4168    CL$$btod_e2e        c_w.l(btod.o)
    0x08001dae   0x08001dae   0x0000002a   Code   RO         4165    CL$$btod_ediv       c_w.l(btod.o)
    0x08001dd8   0x08001dd8   0x0000002a   Code   RO         4164    CL$$btod_emul       c_w.l(btod.o)
    0x08001e02   0x08001e02   0x00000244   Code   RO         4170    CL$$btod_mult_common  c_w.l(btod.o)
    0x08002046   0x08002046   0x00000002   PAD
    0x08002048   0x08002048   0x00000028   Code   RO         3647    i.BH1750_convert    bh1750.o
    0x08002070   0x08002070   0x00000012   Code   RO         3648    i.BH1750_get_lumen  bh1750.o
    0x08002082   0x08002082   0x0000001e   Code   RO         3649    i.BH1750_init_dev   bh1750.o
    0x080020a0   0x080020a0   0x00000050   Code   RO         3650    i.BH1750_init_dev_struct  bh1750.o
    0x080020f0   0x080020f0   0x00000004   Code   RO         3652    i.BH1750_poll_self  bh1750.o
    0x080020f4   0x080020f4   0x0000001e   Code   RO         3653    i.BH1750_read_dev   bh1750.o
    0x08002112   0x08002112   0x0000001c   Code   RO         3654    i.BH1750_send_command  bh1750.o
    0x0800212e   0x0800212e   0x00000002   Code   RO          190    i.BusFault_Handler  stm32f1xx_it.o
    0x08002130   0x08002130   0x00000002   Code   RO          191    i.DebugMon_Handler  stm32f1xx_it.o
    0x08002132   0x08002132   0x00000002   PAD
    0x08002134   0x08002134   0x00000024   Code   RO         1631    i.FLASH_MassErase   stm32f1xx_hal_flash_ex.o
    0x08002158   0x08002158   0x00000024   Code   RO         1636    i.FLASH_PageErase   stm32f1xx_hal_flash_ex.o
    0x0800217c   0x0800217c   0x0000001c   Code   RO         1528    i.FLASH_Program_HalfWord  stm32f1xx_hal_flash.o
    0x08002198   0x08002198   0x0000005c   Code   RO         1529    i.FLASH_SetErrorCode  stm32f1xx_hal_flash.o
    0x080021f4   0x080021f4   0x00000054   Code   RO         1530    i.FLASH_WaitForLastOperation  stm32f1xx_hal_flash.o
    0x08002248   0x08002248   0x00000046   Code   RO         1192    i.HAL_DMA_Abort     stm32f1xx_hal_dma.o
    0x0800228e   0x0800228e   0x00000002   PAD
    0x08002290   0x08002290   0x00000130   Code   RO         1193    i.HAL_DMA_Abort_IT  stm32f1xx_hal_dma.o
    0x080023c0   0x080023c0   0x000000a8   Code   RO         1637    i.HAL_FLASHEx_Erase  stm32f1xx_hal_flash_ex.o
    0x08002468   0x08002468   0x00000014   Code   RO         1534    i.HAL_FLASH_Lock    stm32f1xx_hal_flash.o
    0x0800247c   0x0800247c   0x00000080   Code   RO         1539    i.HAL_FLASH_Program  stm32f1xx_hal_flash.o
    0x080024fc   0x080024fc   0x00000028   Code   RO         1541    i.HAL_FLASH_Unlock  stm32f1xx_hal_flash.o
    0x08002524   0x08002524   0x000001f8   Code   RO         1128    i.HAL_GPIO_Init     stm32f1xx_hal_gpio.o
    0x0800271c   0x0800271c   0x0000000a   Code   RO         1132    i.HAL_GPIO_WritePin  stm32f1xx_hal_gpio.o
    0x08002726   0x08002726   0x00000002   PAD
    0x08002728   0x08002728   0x0000000c   Code   RO          822    i.HAL_GetTick       stm32f1xx_hal.o
    0x08002734   0x08002734   0x00000188   Code   RO          385    i.HAL_I2C_Init      stm32f1xx_hal_i2c.o
    0x080028bc   0x080028bc   0x00000250   Code   RO          391    i.HAL_I2C_Master_Receive  stm32f1xx_hal_i2c.o
    0x08002b0c   0x08002b0c   0x0000012c   Code   RO          398    i.HAL_I2C_Master_Transmit  stm32f1xx_hal_i2c.o
    0x08002c38   0x08002c38   0x0000005c   Code   RO          279    i.HAL_I2C_MspInit   stm32f1xx_hal_msp.o
    0x08002c94   0x08002c94   0x00000010   Code   RO          828    i.HAL_IncTick       stm32f1xx_hal.o
    0x08002ca4   0x08002ca4   0x00000024   Code   RO          829    i.HAL_Init          stm32f1xx_hal.o
    0x08002cc8   0x08002cc8   0x00000040   Code   RO          830    i.HAL_InitTick      stm32f1xx_hal.o
    0x08002d08   0x08002d08   0x0000003c   Code   RO          280    i.HAL_MspInit       stm32f1xx_hal_msp.o
    0x08002d44   0x08002d44   0x0000001a   Code   RO         1288    i.HAL_NVIC_EnableIRQ  stm32f1xx_hal_cortex.o
    0x08002d5e   0x08002d5e   0x00000002   PAD
    0x08002d60   0x08002d60   0x00000040   Code   RO         1294    i.HAL_NVIC_SetPriority  stm32f1xx_hal_cortex.o
    0x08002da0   0x08002da0   0x00000024   Code   RO         1295    i.HAL_NVIC_SetPriorityGrouping  stm32f1xx_hal_cortex.o
    0x08002dc4   0x08002dc4   0x0000012c   Code   RO          986    i.HAL_RCC_ClockConfig  stm32f1xx_hal_rcc.o
    0x08002ef0   0x08002ef0   0x00000020   Code   RO          993    i.HAL_RCC_GetPCLK1Freq  stm32f1xx_hal_rcc.o
    0x08002f10   0x08002f10   0x00000020   Code   RO          994    i.HAL_RCC_GetPCLK2Freq  stm32f1xx_hal_rcc.o
    0x08002f30   0x08002f30   0x0000004c   Code   RO          995    i.HAL_RCC_GetSysClockFreq  stm32f1xx_hal_rcc.o
    0x08002f7c   0x08002f7c   0x00000320   Code   RO          998    i.HAL_RCC_OscConfig  stm32f1xx_hal_rcc.o
    0x0800329c   0x0800329c   0x00000028   Code   RO         1299    i.HAL_SYSTICK_Config  stm32f1xx_hal_cortex.o
    0x080032c4   0x080032c4   0x00000002   Code   RO         2494    i.HAL_TIMEx_BreakCallback  stm32f1xx_hal_tim_ex.o
    0x080032c6   0x080032c6   0x00000002   Code   RO         2495    i.HAL_TIMEx_CommutCallback  stm32f1xx_hal_tim_ex.o
    0x080032c8   0x080032c8   0x0000007c   Code   RO         2513    i.HAL_TIMEx_MasterConfigSynchronization  stm32f1xx_hal_tim_ex.o
    0x08003344   0x08003344   0x0000005a   Code   RO         1790    i.HAL_TIM_Base_Init  stm32f1xx_hal_tim.o
    0x0800339e   0x0800339e   0x00000002   PAD
    0x080033a0   0x080033a0   0x00000038   Code   RO          282    i.HAL_TIM_Base_MspInit  stm32f1xx_hal_msp.o
    0x080033d8   0x080033d8   0x0000006c   Code   RO         1795    i.HAL_TIM_Base_Start_IT  stm32f1xx_hal_tim.o
    0x08003444   0x08003444   0x00000030   Code   RO         1798    i.HAL_TIM_Base_Stop_IT  stm32f1xx_hal_tim.o
    0x08003474   0x08003474   0x000000dc   Code   RO         1799    i.HAL_TIM_ConfigClockSource  stm32f1xx_hal_tim.o
    0x08003550   0x08003550   0x00000002   Code   RO         1824    i.HAL_TIM_IC_CaptureCallback  stm32f1xx_hal_tim.o
    0x08003552   0x08003552   0x00000166   Code   RO         1838    i.HAL_TIM_IRQHandler  stm32f1xx_hal_tim.o
    0x080036b8   0x080036b8   0x00000002   Code   RO         1841    i.HAL_TIM_OC_DelayElapsedCallback  stm32f1xx_hal_tim.o
    0x080036ba   0x080036ba   0x00000002   Code   RO         1868    i.HAL_TIM_PWM_PulseFinishedCallback  stm32f1xx_hal_tim.o
    0x080036bc   0x080036bc   0x00000038   Code   RO           14    i.HAL_TIM_PeriodElapsedCallback  main.o
    0x080036f4   0x080036f4   0x00000002   Code   RO         1881    i.HAL_TIM_TriggerCallback  stm32f1xx_hal_tim.o
    0x080036f6   0x080036f6   0x00000002   Code   RO         2773    i.HAL_UARTEx_RxEventCallback  stm32f1xx_hal_uart.o
    0x080036f8   0x080036f8   0x00000002   Code   RO         2787    i.HAL_UART_ErrorCallback  stm32f1xx_hal_uart.o
    0x080036fa   0x080036fa   0x00000002   PAD
    0x080036fc   0x080036fc   0x0000026c   Code   RO         2790    i.HAL_UART_IRQHandler  stm32f1xx_hal_uart.o
    0x08003968   0x08003968   0x00000064   Code   RO         2791    i.HAL_UART_Init     stm32f1xx_hal_uart.o
    0x080039cc   0x080039cc   0x00000080   Code   RO          284    i.HAL_UART_MspInit  stm32f1xx_hal_msp.o
    0x08003a4c   0x08003a4c   0x0000001c   Code   RO         2796    i.HAL_UART_Receive_IT  stm32f1xx_hal_uart.o
    0x08003a68   0x08003a68   0x00000030   Code   RO           15    i.HAL_UART_RxCpltCallback  main.o
    0x08003a98   0x08003a98   0x0000009a   Code   RO         2799    i.HAL_UART_Transmit  stm32f1xx_hal_uart.o
    0x08003b32   0x08003b32   0x00000002   Code   RO         2802    i.HAL_UART_TxCpltCallback  stm32f1xx_hal_uart.o
    0x08003b34   0x08003b34   0x00000002   Code   RO          192    i.HardFault_Handler  stm32f1xx_it.o
    0x08003b36   0x08003b36   0x0000002e   Code   RO          428    i.I2C_IsAcknowledgeFailed  stm32f1xx_hal_i2c.o
    0x08003b64   0x08003b64   0x000000ec   Code   RO          431    i.I2C_MasterRequestRead  stm32f1xx_hal_i2c.o
    0x08003c50   0x08003c50   0x0000009c   Code   RO          432    i.I2C_MasterRequestWrite  stm32f1xx_hal_i2c.o
    0x08003cec   0x08003cec   0x00000056   Code   RO          443    i.I2C_WaitOnBTFFlagUntilTimeout  stm32f1xx_hal_i2c.o
    0x08003d42   0x08003d42   0x00000002   PAD
    0x08003d44   0x08003d44   0x00000090   Code   RO          444    i.I2C_WaitOnFlagUntilTimeout  stm32f1xx_hal_i2c.o
    0x08003dd4   0x08003dd4   0x000000bc   Code   RO          445    i.I2C_WaitOnMasterAddressFlagUntilTimeout  stm32f1xx_hal_i2c.o
    0x08003e90   0x08003e90   0x00000070   Code   RO          446    i.I2C_WaitOnRXNEFlagUntilTimeout  stm32f1xx_hal_i2c.o
    0x08003f00   0x08003f00   0x00000056   Code   RO          447    i.I2C_WaitOnTXEFlagUntilTimeout  stm32f1xx_hal_i2c.o
    0x08003f56   0x08003f56   0x00000002   PAD
    0x08003f58   0x08003f58   0x000000a8   Code   RO           16    i.MX_GPIO_Init      main.o
    0x08004000   0x08004000   0x00000068   Code   RO           17    i.MX_TIM2_Init      main.o
    0x08004068   0x08004068   0x00000002   Code   RO          193    i.MemManage_Handler  stm32f1xx_it.o
    0x0800406a   0x0800406a   0x00000002   Code   RO          194    i.NMI_Handler       stm32f1xx_it.o
    0x0800406c   0x0800406c   0x00000002   Code   RO          195    i.PendSV_Handler    stm32f1xx_it.o
    0x0800406e   0x0800406e   0x00000002   Code   RO          196    i.SVC_Handler       stm32f1xx_it.o
    0x08004070   0x08004070   0x00000004   Code   RO          197    i.SysTick_Handler   stm32f1xx_it.o
    0x08004074   0x08004074   0x0000005e   Code   RO           18    i.SystemClock_Config  main.o
    0x080040d2   0x080040d2   0x00000002   Code   RO         3125    i.SystemInit        system_stm32f1xx.o
    0x080040d4   0x080040d4   0x0000000c   Code   RO          198    i.TIM2_IRQHandler   stm32f1xx_it.o
    0x080040e0   0x080040e0   0x0000008c   Code   RO         1883    i.TIM_Base_SetConfig  stm32f1xx_hal_tim.o
    0x0800416c   0x0800416c   0x00000014   Code   RO         1894    i.TIM_ETR_SetConfig  stm32f1xx_hal_tim.o
    0x08004180   0x08004180   0x00000010   Code   RO         1895    i.TIM_ITRx_SetConfig  stm32f1xx_hal_tim.o
    0x08004190   0x08004190   0x00000022   Code   RO         1901    i.TIM_TI1_ConfigInputStage  stm32f1xx_hal_tim.o
    0x080041b2   0x080041b2   0x00000024   Code   RO         1903    i.TIM_TI2_ConfigInputStage  stm32f1xx_hal_tim.o
    0x080041d6   0x080041d6   0x00000010   Code   RO         2804    i.UART_DMAAbortOnError  stm32f1xx_hal_uart.o
    0x080041e6   0x080041e6   0x0000004e   Code   RO         2814    i.UART_EndRxTransfer  stm32f1xx_hal_uart.o
    0x08004234   0x08004234   0x000000c2   Code   RO         2816    i.UART_Receive_IT   stm32f1xx_hal_uart.o
    0x080042f6   0x080042f6   0x00000002   PAD
    0x080042f8   0x080042f8   0x000000b8   Code   RO         2817    i.UART_SetConfig    stm32f1xx_hal_uart.o
    0x080043b0   0x080043b0   0x00000036   Code   RO         2819    i.UART_Start_Receive_IT  stm32f1xx_hal_uart.o
    0x080043e6   0x080043e6   0x00000078   Code   RO         2820    i.UART_WaitOnFlagUntilTimeout  stm32f1xx_hal_uart.o
    0x0800445e   0x0800445e   0x00000002   PAD
    0x08004460   0x08004460   0x0000000c   Code   RO          199    i.USART1_IRQHandler  stm32f1xx_it.o
    0x0800446c   0x0800446c   0x00000002   Code   RO          200    i.UsageFault_Handler  stm32f1xx_it.o
    0x0800446e   0x0800446e   0x00000028   Code   RO         4059    i.__ARM_fpclassify  m_ws.l(fpclassify.o)
    0x08004496   0x08004496   0x00000020   Code   RO         1301    i.__NVIC_SetPriority  stm32f1xx_hal_cortex.o
    0x080044b6   0x080044b6   0x000000aa   Code   RO         4061    i.__kernel_poly     m_ws.l(poly.o)
    0x08004560   0x08004560   0x00000010   Code   RO         4045    i.__mathlib_dbl_divzero  m_ws.l(dunder.o)
    0x08004570   0x08004570   0x00000004   Code   RO         4047    i.__mathlib_dbl_infnan2  m_ws.l(dunder.o)
    0x08004574   0x08004574   0x0000000c   Code   RO         4048    i.__mathlib_dbl_invalid  m_ws.l(dunder.o)
    0x08004580   0x08004580   0x0000000e   Code   RO         4049    i.__mathlib_dbl_overflow  m_ws.l(dunder.o)
    0x0800458e   0x0800458e   0x00000002   PAD
    0x08004590   0x08004590   0x00000010   Code   RO         4051    i.__mathlib_dbl_underflow  m_ws.l(dunder.o)
    0x080045a0   0x080045a0   0x0000000e   Code   RO         3940    i._is_digit         c_w.l(__printf_wp.o)
    0x080045ae   0x080045ae   0x00000002   PAD
    0x080045b0   0x080045b0   0x00000050   Code   RO         3257    i.cli_command_handle  cli_command.o
    0x08004600   0x08004600   0x0000000c   Code   RO         3368    i.config_i2c        i2c.o
    0x0800460c   0x0800460c   0x000000c2   Code   RO         3480    i.detect_invalid_data_unknow_mes_error  device_control.o
    0x080046ce   0x080046ce   0x00000002   PAD
    0x080046d0   0x080046d0   0x00000034   Code   RO         3258    i.device_excute     cli_command.o
    0x08004704   0x08004704   0x00000060   Code   RO         3259    i.device_handle     cli_command.o
    0x08004764   0x08004764   0x00000104   Code   RO         3481    i.device_infomation_init  device_control.o
    0x08004868   0x08004868   0x00000038   Code   RO         3369    i.driver_init       i2c.o
    0x080048a0   0x080048a0   0x0000004c   Code   RO         3483    i.err_cli_handle    device_control.o
    0x080048ec   0x080048ec   0x00000208   Code   RO         3484    i.error_excute      device_control.o
    0x08004af4   0x08004af4   0x00000024   Code   RO         3314    i.flash_erase_and_write  flash.o
    0x08004b18   0x08004b18   0x0000001a   Code   RO         3315    i.flash_erease      flash.o
    0x08004b32   0x08004b32   0x0000001a   Code   RO         3317    i.flash_read_arr    flash.o
    0x08004b4c   0x08004b4c   0x00000028   Code   RO         3319    i.flash_write_arr   flash.o
    0x08004b74   0x08004b74   0x00000084   Code   RO         3485    i.get_curr_setting  device_control.o
    0x08004bf8   0x08004bf8   0x00000050   Code   RO         3486    i.get_firmware_version  device_control.o
    0x08004c48   0x08004c48   0x0000004c   Code   RO         3487    i.get_hardware_version  device_control.o
    0x08004c94   0x08004c94   0x000000b4   Code   RO         3488    i.get_max_current_can_provide  device_control.o
    0x08004d48   0x08004d48   0x000000b4   Code   RO         3489    i.get_max_current_can_take  device_control.o
    0x08004dfc   0x08004dfc   0x00000050   Code   RO         3490    i.get_number_of_channel  device_control.o
    0x08004e4c   0x08004e4c   0x00000058   Code   RO         3491    i.get_serial_number  device_control.o
    0x08004ea4   0x08004ea4   0x0000000c   Code   RO         3370    i.i2c_data_handle   i2c.o
    0x08004eb0   0x08004eb0   0x0000000c   Code   RO         3261    i.initialize_device  cli_command.o
    0x08004ebc   0x08004ebc   0x00000008   Code   RO         3447    i.invert_integer32  supplement.o
    0x08004ec4   0x08004ec4   0x000000dc   Code   RO           19    i.main              main.o
    0x08004fa0   0x08004fa0   0x00000016   Code   RO         3492    i.number_index_init  device_control.o
    0x08004fb6   0x08004fb6   0x00000002   PAD
    0x08004fb8   0x08004fb8   0x000009d8   Code   RO         3837    i.pow               m_ws.l(pow.o)
    0x08005990   0x08005990   0x00000038   Code   RO         3213    i.receive_data      uart.o
    0x080059c8   0x080059c8   0x00000028   Code   RO         3493    i.respone_message_init  device_control.o
    0x080059f0   0x080059f0   0x00000014   Code   RO         3162    i.response_hex      response_ci.o
    0x08005a04   0x08005a04   0x0000000c   Code   RO         3163    i.response_init     response_ci.o
    0x08005a10   0x08005a10   0x00000040   Code   RO         3164    i.response_print    response_ci.o
    0x08005a50   0x08005a50   0x00000010   Code   RO         3494    i.save_curr_setting  device_control.o
    0x08005a60   0x08005a60   0x00000020   Code   RO         3496    i.set_hardware_version  device_control.o
    0x08005a80   0x08005a80   0x00000044   Code   RO         3497    i.set_max_current_can_provide  device_control.o
    0x08005ac4   0x08005ac4   0x00000044   Code   RO         3498    i.set_max_current_can_take  device_control.o
    0x08005b08   0x08005b08   0x00000024   Code   RO         3499    i.set_number_of_channel  device_control.o
    0x08005b2c   0x08005b2c   0x00000028   Code   RO         3500    i.set_serial_number  device_control.o
    0x08005b54   0x08005b54   0x0000004c   Code   RO         4065    i.sqrt              m_ws.l(sqrt.o)
    0x08005ba0   0x08005ba0   0x00000010   Code   RO         3501    i.take_device_info_from_flash  device_control.o
    0x08005bb0   0x08005bb0   0x000000a8   Code   RO         3449    i.tranfer_hex_to_dec  supplement.o
    0x08005c58   0x08005c58   0x00000004   Code   RO         3450    i.transfer_array2_to_hex  supplement.o
    0x08005c5c   0x08005c5c   0x00000068   Code   RO         3371    i.transmit_data_to_max5215  i2c.o
    0x08005cc4   0x08005cc4   0x0000001c   Code   RO         3372    i.turn_off          i2c.o
    0x08005ce0   0x08005ce0   0x00000038   Code   RO         3502    i.turn_off_channel  device_control.o
    0x08005d18   0x08005d18   0x00000026   Code   RO         3373    i.turn_on           i2c.o
    0x08005d3e   0x08005d3e   0x00000002   PAD
    0x08005d40   0x08005d40   0x00000048   Code   RO         3503    i.turn_on_channel   device_control.o
    0x08005d88   0x08005d88   0x00000030   Code   RO         3214    i.uart_handle       uart.o
    0x08005db8   0x08005db8   0x0000002c   Code   RO         4184    locale$$code        c_w.l(lc_numeric_c.o)
    0x08005de4   0x08005de4   0x0000002c   Code   RO         4217    locale$$code        c_w.l(lc_ctype_c.o)
    0x08005e10   0x08005e10   0x00000150   Code   RO         3802    x$fpl$dadd          fz_ws.l(daddsub_clz.o)
    0x08005f60   0x08005f60   0x00000010   Code   RO         4132    x$fpl$dcheck1       fz_ws.l(dcheck1.o)
    0x08005f70   0x08005f70   0x00000018   Code   RO         4202    x$fpl$dcmpinf       fz_ws.l(dcmpi.o)
    0x08005f88   0x08005f88   0x000002b0   Code   RO         3809    x$fpl$ddiv          fz_ws.l(ddiv.o)
    0x08006238   0x08006238   0x0000005a   Code   RO         3812    x$fpl$dfixu         fz_ws.l(dfixu.o)
    0x08006292   0x08006292   0x0000002e   Code   RO         3817    x$fpl$dflt          fz_ws.l(dflt_clz.o)
    0x080062c0   0x080062c0   0x00000026   Code   RO         3816    x$fpl$dfltu         fz_ws.l(dflt_clz.o)
    0x080062e6   0x080062e6   0x00000002   PAD
    0x080062e8   0x080062e8   0x00000078   Code   RO         4134    x$fpl$dleqf         fz_ws.l(dleqf.o)
    0x08006360   0x08006360   0x00000154   Code   RO         3822    x$fpl$dmul          fz_ws.l(dmul.o)
    0x080064b4   0x080064b4   0x0000009c   Code   RO         4024    x$fpl$dnaninf       fz_ws.l(dnaninf.o)
    0x08006550   0x08006550   0x0000000c   Code   RO         4026    x$fpl$dretinf       fz_ws.l(dretinf.o)
    0x0800655c   0x0800655c   0x0000006c   Code   RO         4028    x$fpl$drleqf        fz_ws.l(drleqf.o)
    0x080065c8   0x080065c8   0x00000016   Code   RO         3803    x$fpl$drsb          fz_ws.l(daddsub_clz.o)
    0x080065de   0x080065de   0x00000002   PAD
    0x080065e0   0x080065e0   0x000001cc   Code   RO         4136    x$fpl$dsqrt         fz_ws.l(dsqrt_noumaal.o)
    0x080067ac   0x080067ac   0x000001d4   Code   RO         3804    x$fpl$dsub          fz_ws.l(daddsub_clz.o)
    0x08006980   0x08006980   0x00000056   Code   RO         3824    x$fpl$f2d           fz_ws.l(f2d.o)
    0x080069d6   0x080069d6   0x00000002   PAD
    0x080069d8   0x080069d8   0x00000184   Code   RO         3827    x$fpl$fdiv          fz_ws.l(fdiv.o)
    0x08006b5c   0x08006b5c   0x00000026   Code   RO         3830    x$fpl$ffltu         fz_ws.l(fflt_clz.o)
    0x08006b82   0x08006b82   0x0000008c   Code   RO         4030    x$fpl$fnaninf       fz_ws.l(fnaninf.o)
    0x08006c0e   0x08006c0e   0x0000000a   Code   RO         4032    x$fpl$fretinf       fz_ws.l(fretinf.o)
    0x08006c18   0x08006c18   0x00000004   Code   RO         4034    x$fpl$printf1       fz_ws.l(printf1.o)
    0x08006c1c   0x08006c1c   0x00000004   Code   RO         4036    x$fpl$printf2       fz_ws.l(printf2.o)
    0x08006c20   0x08006c20   0x00000064   Code   RO         4206    x$fpl$retnan        fz_ws.l(retnan.o)
    0x08006c84   0x08006c84   0x0000005c   Code   RO         4042    x$fpl$scalbn        fz_ws.l(scalbn.o)
    0x08006ce0   0x08006ce0   0x00000030   Code   RO         4241    x$fpl$trapveneer    fz_ws.l(trapv.o)
    0x08006d10   0x08006d10   0x00000000   Code   RO         4044    x$fpl$usenofp       fz_ws.l(usenofp.o)
    0x08006d10   0x08006d10   0x00000012   Data   RO          999    .constdata          stm32f1xx_hal_rcc.o
    0x08006d22   0x08006d22   0x00000010   Data   RO         3126    .constdata          system_stm32f1xx.o
    0x08006d32   0x08006d32   0x00000008   Data   RO         3127    .constdata          system_stm32f1xx.o
    0x08006d3a   0x08006d3a   0x00000006   PAD
    0x08006d40   0x08006d40   0x00000088   Data   RO         3838    .constdata          m_ws.l(pow.o)
    0x08006dc8   0x08006dc8   0x00000008   Data   RO         3899    .constdata          c_w.l(_printf_wctomb.o)
    0x08006dd0   0x08006dd0   0x00000028   Data   RO         3928    .constdata          c_w.l(_printf_hex_int_ll_ptr.o)
    0x08006df8   0x08006df8   0x00000011   Data   RO         3948    .constdata          c_w.l(__printf_flags_ss_wp.o)
    0x08006e09   0x08006e09   0x00000007   PAD
    0x08006e10   0x08006e10   0x00000008   Data   RO         4063    .constdata          m_ws.l(qnan.o)
    0x08006e18   0x08006e18   0x00000026   Data   RO         4112    .constdata          c_w.l(_printf_fp_hex.o)
    0x08006e3e   0x08006e3e   0x00000002   PAD
    0x08006e40   0x08006e40   0x00000094   Data   RO         4159    .constdata          c_w.l(bigflt0.o)
    0x08006ed4   0x08006ed4   0x00000020   Data   RO         4273    Region$$Table       anon$$obj.o
    0x08006ef4   0x08006ef4   0x0000001c   Data   RO         4183    locale$$data        c_w.l(lc_numeric_c.o)
    0x08006f10   0x08006f10   0x00000110   Data   RO         4216    locale$$data        c_w.l(lc_ctype_c.o)


    Execution Region RW_IRAM1 (Exec base: 0x20000000, Load base: 0x08007020, Size: 0x00000a70, Max: 0x0000c000, ABSOLUTE)

    Exec Addr    Load Addr    Size         Type   Attr      Idx    E Section Name        Object

    0x20000000   0x08007020   0x00000008   Data   RW           21    .data               main.o
    0x20000008   0x08007028   0x0000000c   Data   RW          836    .data               stm32f1xx_hal.o
    0x20000014   0x08007034   0x00000004   Data   RW         3128    .data               system_stm32f1xx.o
    0x20000018   0x08007038   0x00000004   Data   RW         3165    .data               response_ci.o
    0x2000001c   0x0800703c   0x00000004   Data   RW         3216    .data               uart.o
    0x20000020   0x08007040   0x00000084   Data   RW         3263    .data               cli_command.o
    0x200000a4   0x080070c4   0x00000004   Data   RW         3375    .data               i2c.o
    0x200000a8   0x080070c8   0x00000068   Data   RW         3505    .data               device_control.o
    0x20000110        -       0x000000e4   Zero   RW           20    .bss                main.o
    0x200001f4   0x08007130   0x00000004   PAD
    0x200001f8        -       0x00000020   Zero   RW         1542    .bss                stm32f1xx_hal_flash.o
    0x20000218        -       0x00000064   Zero   RW         3215    .bss                uart.o
    0x2000027c        -       0x000000e1   Zero   RW         3262    .bss                cli_command.o
    0x2000035d        -       0x000000b2   Zero   RW         3504    .bss                device_control.o
    0x2000040f   0x08007130   0x00000001   PAD
    0x20000410        -       0x00000060   Zero   RW         4075    .bss                c_w.l(libspace.o)
    0x20000470        -       0x00000200   Zero   RW            2    HEAP                startup_stm32f103xe.o
    0x20000670        -       0x00000400   Zero   RW            1    STACK               startup_stm32f103xe.o


==============================================================================

Image component sizes


      Code (inc. data)   RO Data    RW Data    ZI Data      Debug   Object Name

       230         10          0          0          0       4117   bh1750.o
       240         36          0        132        225       3712   cli_command.o
      2332        324          0        104        178      16396   device_control.o
       128          0          0          0          0       2836   flash.o
       250         38          0          4          0       4619   i2c.o
       690         82          0          8        228     505817   main.o
        96         18          0          4          0       2616   response_ci.o
        64         26        304          0       1536        800   startup_stm32f103xe.o
       128         24          0         12          0       5821   stm32f1xx_hal.o
       198         14          0          0          0      28863   stm32f1xx_hal_cortex.o
       374          8          0          0          0       1799   stm32f1xx_hal_dma.o
       392         46          0          0         32       4630   stm32f1xx_hal_flash.o
       240         26          0          0          0       3197   stm32f1xx_hal_flash_ex.o
       514         42          0          0          0       2872   stm32f1xx_hal_gpio.o
      2338         54          0          0          0      12434   stm32f1xx_hal_i2c.o
       336         38          0          0          0       2794   stm32f1xx_hal_msp.o
      1240         84         18          0          0       5040   stm32f1xx_hal_rcc.o
      1078         40          0          0          0      10184   stm32f1xx_hal_tim.o
       128         20          0          0          0       2353   stm32f1xx_hal_tim_ex.o
      1554         10          0          0          0      10720   stm32f1xx_hal_uart.o
        44         12          0          0          0       4600   stm32f1xx_it.o
       180          6          0          0          0       1873   supplement.o
         2          0         24          4          0       1083   system_stm32f1xx.o
       104         30          0          4        100       3839   uart.o

    ----------------------------------------------------------------------
     12906        988        384        272       2304     643015   Object Totals
         0          0         32          0          0          0   (incl. Generated)
        26          0          6          0          5          0   (incl. Padding)

    ----------------------------------------------------------------------

      Code (inc. data)   RO Data    RW Data    ZI Data      Debug   Library Member Name

         8          0          0          0          0         68   __main.o
       392          4         17          0          0         92   __printf_flags_ss_wp.o
        14          0          0          0          0         68   __printf_wp.o
         0          0          0          0          0          0   __rtentry.o
        12          0          0          0          0          0   __rtentry2.o
         6          0          0          0          0          0   __rtentry4.o
        52          8          0          0          0          0   __scatter.o
        26          0          0          0          0          0   __scatter_copy.o
        28          0          0          0          0          0   __scatter_zi.o
         6          0          0          0          0          0   _printf_a.o
         6          0          0          0          0          0   _printf_c.o
        44          0          0          0          0        108   _printf_char.o
        48          6          0          0          0         96   _printf_char_common.o
        40          0          0          0          0         68   _printf_charcount.o
         6          0          0          0          0          0   _printf_d.o
       120         16          0          0          0         92   _printf_dec.o
         6          0          0          0          0          0   _printf_e.o
         6          0          0          0          0          0   _printf_f.o
      1054          0          0          0          0        216   _printf_fp_dec.o
       764          8         38          0          0        100   _printf_fp_hex.o
       128         16          0          0          0         84   _printf_fp_infnan.o
         6          0          0          0          0          0   _printf_g.o
       148          4         40          0          0        160   _printf_hex_int_ll_ptr.o
         6          0          0          0          0          0   _printf_i.o
       178          0          0          0          0         88   _printf_intcommon.o
        10          0          0          0          0          0   _printf_l.o
         6          0          0          0          0          0   _printf_lc.o
        10          0          0          0          0          0   _printf_ll.o
         6          0          0          0          0          0   _printf_lld.o
         6          0          0          0          0          0   _printf_lli.o
         6          0          0          0          0          0   _printf_llo.o
         6          0          0          0          0          0   _printf_llu.o
         6          0          0          0          0          0   _printf_llx.o
       124         16          0          0          0         92   _printf_longlong_dec.o
         6          0          0          0          0          0   _printf_ls.o
         6          0          0          0          0          0   _printf_n.o
         6          0          0          0          0          0   _printf_o.o
       112         10          0          0          0        124   _printf_oct_int_ll.o
         6          0          0          0          0          0   _printf_p.o
        78          0          0          0          0        108   _printf_pad.o
         0          0          0          0          0          0   _printf_percent.o
         4          0          0          0          0          0   _printf_percent_end.o
         6          0          0          0          0          0   _printf_s.o
        82          0          0          0          0         80   _printf_str.o
        36          0          0          0          0         84   _printf_truncate.o
         6          0          0          0          0          0   _printf_u.o
        44          0          0          0          0        108   _printf_wchar.o
       188          6          8          0          0         92   _printf_wctomb.o
         6          0          0          0          0          0   _printf_x.o
        22          0          0          0          0        100   _rserrno.o
        10          0          0          0          0         68   _sputc.o
        64          0          0          0          0         92   _wcrtomb.o
        16          0          0          0          0         68   aeabi_memset.o
       228          4        148          0          0         96   bigflt0.o
      1936        128          0          0          0        672   btod.o
        40          0          0          0          0         80   calloc.o
        10          0          0          0          0         68   defsig_exit.o
        50          0          0          0          0         88   defsig_general.o
        80         58          0          0          0         76   defsig_rtmem_inner.o
        14          0          0          0          0         80   defsig_rtmem_outer.o
        18          0          0          0          0         80   exit.o
        94          0          0          0          0         80   h1_alloc.o
        52          0          0          0          0         68   h1_extend.o
        78          0          0          0          0         80   h1_free.o
        14          0          0          0          0         84   h1_init.o
         6          0          0          0          0        152   heapauxi.o
         4          0          0          0          0        136   hguard.o
         0          0          0          0          0          0   indicate_semi.o
       138          0          0          0          0        168   init_alloc.o
        44         10        272          0          0         76   lc_ctype_c.o
        44         10         28          0          0         76   lc_numeric_c.o
         2          0          0          0          0          0   libinit.o
        38          0          0          0          0          0   libinit2.o
         2          0          0          0          0          0   libshutdown.o
         2          0          0          0          0          0   libshutdown2.o
         8          4          0          0         96         68   libspace.o
       138          0          0          0          0         80   lludiv10.o
        38          0          0          0          0         68   llushr.o
         0          0          0          0          0          0   maybetermalloc1.o
        88          0          0          0          0         76   memcmp.o
        16          4          0          0          0         76   rt_ctype_table.o
         8          4          0          0          0         68   rt_errno_addr_intlibspace.o
         8          4          0          0          0         68   rt_heap_descriptor_intlibspace.o
         8          4          0          0          0         68   rt_locale_intlibspace.o
        68          0          0          0          0         68   rt_memclr.o
        78          0          0          0          0         80   rt_memclr_w.o
       138          0          0          0          0         68   rt_memcpy_v6.o
       100          0          0          0          0         80   rt_memcpy_w.o
         2          0          0          0          0          0   rtexit.o
        10          0          0          0          0          0   rtexit2.o
       128          0          0          0          0         68   strcmpv7m.o
        72          0          0          0          0         80   strcpy.o
        62          0          0          0          0         76   strlen.o
        12          4          0          0          0         68   sys_exit.o
        74          0          0          0          0         80   sys_stackheap_outer.o
        14          0          0          0          0         76   sys_wrch.o
         2          0          0          0          0         68   use_no_semi.o
        36          4          0          0          0         76   vsprintf.o
       826         16          0          0          0        348   daddsub_clz.o
        16          4          0          0          0         68   dcheck1.o
        24          0          0          0          0         68   dcmpi.o
       688        140          0          0          0        208   ddiv.o
        90          4          0          0          0         92   dfixu.o
        84          0          0          0          0        136   dflt_clz.o
       120          4          0          0          0         92   dleqf.o
       340         12          0          0          0        104   dmul.o
       156          4          0          0          0         92   dnaninf.o
        12          0          0          0          0         68   dretinf.o
       108          0          0          0          0         80   drleqf.o
       460         56          0          0          0        120   dsqrt_noumaal.o
        86          4          0          0          0         84   f2d.o
       388         76          0          0          0         96   fdiv.o
        38          0          0          0          0         68   fflt_clz.o
       140          4          0          0          0         84   fnaninf.o
        10          0          0          0          0         68   fretinf.o
         4          0          0          0          0         68   printf1.o
         4          0          0          0          0         68   printf2.o
       100          0          0          0          0         68   retnan.o
        92          0          0          0          0         68   scalbn.o
        48          0          0          0          0         68   trapv.o
         0          0          0          0          0          0   usenofp.o
        62         10          0          0          0        340   dunder.o
        40          0          0          0          0         68   fpclassify.o
       170          0          0          0          0         96   poly.o
      2520        190        136          0          0        324   pow.o
         0          0          8          0          0          0   qnan.o
        76          0          0          0          0         84   sqrt.o

    ----------------------------------------------------------------------
     14710        856        704          0         96       9004   Library Totals
        24          0          9          0          0          0   (incl. Padding)

    ----------------------------------------------------------------------

      Code (inc. data)   RO Data    RW Data    ZI Data      Debug   Library Name

      7984        332        551          0         96       5876   c_w.l
      3834        324          0          0          0       2216   fz_ws.l
      2868        200        144          0          0        912   m_ws.l

    ----------------------------------------------------------------------
     14710        856        704          0         96       9004   Library Totals

    ----------------------------------------------------------------------

==============================================================================


      Code (inc. data)   RO Data    RW Data    ZI Data      Debug   

     27616       1844       1088        272       2400     639847   Grand Totals
     27616       1844       1088        272       2400     639847   ELF Image Totals
     27616       1844       1088        272          0          0   ROM Totals

==============================================================================

    Total RO  Size (Code + RO Data)                28704 (  28.03kB)
    Total RW  Size (RW Data + ZI Data)              2672 (   2.61kB)
    Total ROM Size (Code + RO Data + RW Data)      28976 (  28.30kB)

==============================================================================

